Component: ARM Compiler 5.06 update 6 (build 750) Tool: armlink [4d35ed]

==============================================================================

Section Cross References

    stm32f4xx_it.o(i.CAN1_RX0_IRQHandler) refers to stm32f4xx_can.o(i.CAN_GetITStatus) for CAN_GetITStatus
    stm32f4xx_it.o(i.CAN1_RX0_IRQHandler) refers to stm32f4xx_can.o(i.CAN_Receive) for CAN_Receive
    stm32f4xx_it.o(i.CAN1_RX0_IRQHandler) refers to queue.o(i.xQueueGenericSendFromISR) for xQueueGenericSendFromISR
    stm32f4xx_it.o(i.CAN1_RX0_IRQHandler) refers to stm32f4xx_can.o(i.CAN_ClearITPendingBit) for CAN_ClearITPendingBit
    stm32f4xx_it.o(i.CAN1_RX0_IRQHandler) refers to canmsg_task.o(.data) for xCan1RxQueue
    stm32f4xx_it.o(i.CAN2_RX0_IRQHandler) refers to stm32f4xx_can.o(i.CAN_GetITStatus) for CAN_GetITStatus
    stm32f4xx_it.o(i.CAN2_RX0_IRQHandler) refers to stm32f4xx_can.o(i.CAN_Receive) for CAN_Receive
    stm32f4xx_it.o(i.CAN2_RX0_IRQHandler) refers to queue.o(i.xQueueGenericSendFromISR) for xQueueGenericSendFromISR
    stm32f4xx_it.o(i.CAN2_RX0_IRQHandler) refers to stm32f4xx_can.o(i.CAN_ClearITPendingBit) for CAN_ClearITPendingBit
    stm32f4xx_it.o(i.CAN2_RX0_IRQHandler) refers to canmsg_task.o(.data) for xCan2RxQueue
    stm32f4xx_it.o(i.SysTick_Handler) refers to tasks.o(i.xTaskGetSchedulerState) for xTaskGetSchedulerState
    stm32f4xx_it.o(i.SysTick_Handler) refers to port.o(i.xPortSysTickHandler) for xPortSysTickHandler
    stm32f4xx_it.o(i.TIM6_DAC_IRQHandler) refers to stm32f4xx_tim.o(i.TIM_GetITStatus) for TIM_GetITStatus
    stm32f4xx_it.o(i.TIM6_DAC_IRQHandler) refers to stm32f4xx_gpio.o(i.GPIO_ToggleBits) for GPIO_ToggleBits
    stm32f4xx_it.o(i.TIM6_DAC_IRQHandler) refers to stm32f4xx_tim.o(i.TIM_ClearITPendingBit) for TIM_ClearITPendingBit
    stm32f4xx_it.o(i.TIM6_DAC_IRQHandler) refers to stm32f4xx_it.o(.data) for counter
    stm32f4xx_it.o(i.TIM7_IRQHandler) refers to stm32f4xx_tim.o(i.TIM_GetITStatus) for TIM_GetITStatus
    stm32f4xx_it.o(i.TIM7_IRQHandler) refers to stm32f4xx_tim.o(i.TIM_ClearITPendingBit) for TIM_ClearITPendingBit
    stm32f4xx_it.o(i.TIM7_IRQHandler) refers to stm32f4xx_it.o(.data) for counter
    stm32f4xx_it.o(i.USART1_IRQHandler) refers to stm32f4xx_usart.o(i.USART_GetITStatus) for USART_GetITStatus
    stm32f4xx_it.o(i.USART1_IRQHandler) refers to stm32f4xx_dma.o(i.DMA_Cmd) for DMA_Cmd
    stm32f4xx_it.o(i.USART1_IRQHandler) refers to stm32f4xx_dma.o(i.DMA_GetCurrDataCounter) for DMA_GetCurrDataCounter
    stm32f4xx_it.o(i.USART1_IRQHandler) refers to dr16_receiver.o(i.DR16_dataProcess) for DR16_dataProcess
    stm32f4xx_it.o(i.USART1_IRQHandler) refers to stm32f4xx_gpio.o(i.GPIO_ToggleBits) for GPIO_ToggleBits
    stm32f4xx_it.o(i.USART1_IRQHandler) refers to stm32f4xx_dma.o(i.DMA_SetCurrDataCounter) for DMA_SetCurrDataCounter
    stm32f4xx_it.o(i.USART1_IRQHandler) refers to dr16_receiver.o(.bss) for DR16_rxBuff
    stm32f4xx_it.o(i.USART2_IRQHandler) refers to stm32f4xx_usart.o(i.USART_GetITStatus) for USART_GetITStatus
    stm32f4xx_it.o(i.USART2_IRQHandler) refers to stm32f4xx_dma.o(i.DMA_Cmd) for DMA_Cmd
    stm32f4xx_it.o(i.USART2_IRQHandler) refers to stm32f4xx_dma.o(i.DMA_GetCurrDataCounter) for DMA_GetCurrDataCounter
    stm32f4xx_it.o(i.USART2_IRQHandler) refers to stm32f4xx_dma.o(i.DMA_SetCurrDataCounter) for DMA_SetCurrDataCounter
    stm32f4xx_it.o(i.USART3_IRQHandler) refers to stm32f4xx_usart.o(i.USART_GetITStatus) for USART_GetITStatus
    stm32f4xx_it.o(i.USART3_IRQHandler) refers to stm32f4xx_dma.o(i.DMA_Cmd) for DMA_Cmd
    stm32f4xx_it.o(i.USART3_IRQHandler) refers to stm32f4xx_dma.o(i.DMA_GetCurrDataCounter) for DMA_GetCurrDataCounter
    stm32f4xx_it.o(i.USART3_IRQHandler) refers to gy_imu.o(i.GY_IMU_getInfo) for GY_IMU_getInfo
    stm32f4xx_it.o(i.USART3_IRQHandler) refers to stm32f4xx_dma.o(i.DMA_SetCurrDataCounter) for DMA_SetCurrDataCounter
    stm32f4xx_it.o(i.USART3_IRQHandler) refers to cloud_control.o(.bss) for Cloud
    stm32f4xx_it.o(i.USART6_IRQHandler) refers to stm32f4xx_usart.o(i.USART_GetITStatus) for USART_GetITStatus
    stm32f4xx_it.o(i.USART6_IRQHandler) refers to stm32f4xx_dma.o(i.DMA_Cmd) for DMA_Cmd
    stm32f4xx_it.o(i.USART6_IRQHandler) refers to stm32f4xx_dma.o(i.DMA_GetCurrDataCounter) for DMA_GetCurrDataCounter
    stm32f4xx_it.o(i.USART6_IRQHandler) refers to mc01_judgesystem.o(i.Judge_getInfo) for Judge_getInfo
    stm32f4xx_it.o(i.USART6_IRQHandler) refers to stm32f4xx_dma.o(i.DMA_SetCurrDataCounter) for DMA_SetCurrDataCounter
    stm32f4xx_it.o(i.USART6_IRQHandler) refers to mc01_judgesystem.o(.bss) for JudgeSystem_rxBuff
    main.o(i.main) refers to misc.o(i.NVIC_PriorityGroupConfig) for NVIC_PriorityGroupConfig
    main.o(i.main) refers to tasks.o(i.xTaskCreate) for xTaskCreate
    main.o(i.main) refers to tasks.o(i.vTaskStartScheduler) for vTaskStartScheduler
    main.o(i.main) refers to system_stm32f4xx.o(.data) for SystemCoreClock
[...]
    DMA2_Stream3_IRQHandler                  0x0800029b   Thumb Code     0  startup_stm32f427_437xx.o(.text)
    DMA2_Stream4_IRQHandler                  0x0800029b   Thumb Code     0  startup_stm32f427_437xx.o(.text)
    DMA2_Stream5_IRQHandler                  0x0800029b   Thumb Code     0  startup_stm32f427_437xx.o(.text)
    DMA2_Stream6_IRQHandler                  0x0800029b   Thumb Code     0  startup_stm32f427_437xx.o(.text)
    DMA2_Stream7_IRQHandler                  0x0800029b   Thumb Code     0  startup_stm32f427_437xx.o(.text)
    ETH_IRQHandler                           0x0800029b   Thumb Code     0  startup_stm32f427_437xx.o(.text)
    ETH_WKUP_IRQHandler                      0x0800029b   Thumb Code     0  startup_stm32f427_437xx.o(.text)
    EXTI0_IRQHandler                         0x0800029b   Thumb Code     0  startup_stm32f427_437xx.o(.text)
    EXTI15_10_IRQHandler                     0x0800029b   Thumb Code     0  startup_stm32f427_437xx.o(.text)
    EXTI1_IRQHandler                         0x0800029b   Thumb Code     0  startup_stm32f427_437xx.o(.text)
    EXTI2_IRQHandler                         0x0800029b   Thumb Code     0  startup_stm32f427_437xx.o(.text)
    EXTI3_IRQHandler                         0x0800029b   Thumb Code     0  startup_stm32f427_437xx.o(.text)
    EXTI4_IRQHandler                         0x0800029b   Thumb Code     0  startup_stm32f427_437xx.o(.text)
    EXTI9_5_IRQHandler                       0x0800029b   Thumb Code     0  startup_stm32f427_437xx.o(.text)
    FLASH_IRQHandler                         0x0800029b   Thumb Code     0  startup_stm32f427_437xx.o(.text)
    FMC_IRQHandler                           0x0800029b   Thumb Code     0  startup_stm32f427_437xx.o(.text)
    FPU_IRQHandler                           0x0800029b   Thumb Code     0  startup_stm32f427_437xx.o(.text)
    HASH_RNG_IRQHandler                      0x0800029b   Thumb Code     0  startup_stm32f427_437xx.o(.text)
    I2C1_ER_IRQHandler                       0x0800029b   Thumb Code     0  startup_stm32f427_437xx.o(.text)
    I2C1_EV_IRQHandler                       0x0800029b   Thumb Code     0  startup_stm32f427_437xx.o(.text)
    I2C2_ER_IRQHandler                       0x0800029b   Thumb Code     0  startup_stm32f427_437xx.o(.text)
    I2C2_EV_IRQHandler                       0x0800029b   Thumb Code     0  startup_stm32f427_437xx.o(.text)
    I2C3_ER_IRQHandler                       0x0800029b   Thumb Code     0  startup_stm32f427_437xx.o(.text)
    I2C3_EV_IRQHandler                       0x0800029b   Thumb Code     0  startup_stm32f427_437xx.o(.text)
    OTG_FS_IRQHandler                        0x0800029b   Thumb Code     0  startup_stm32f427_437xx.o(.text)
    OTG_FS_WKUP_IRQHandler                   0x0800029b   Thumb Code     0  startup_stm32f427_437xx.o(.text)
    OTG_HS_EP1_IN_IRQHandler                 0x0800029b   Thumb Code     0  startup_stm32f427_437xx.o(.text)
    OTG_HS_EP1_OUT_IRQHandler                0x0800029b   Thumb Code     0  startup_stm32f427_437xx.o(.text)
    OTG_HS_IRQHandler                        0x0800029b   Thumb Code     0  startup_stm32f427_437xx.o(.text)
    OTG_HS_WKUP_IRQHandler                   0x0800029b   Thumb Code     0  startup_stm32f427_437xx.o(.text)
    PVD_IRQHandler                           0x0800029b   Thumb Code     0  startup_stm32f427_437xx.o(.text)
    RCC_IRQHandler                           0x0800029b   Thumb Code     0  startup_stm32f427_437xx.o(.text)
    RTC_Alarm_IRQHandler                     0x0800029b   Thumb Code     0  startup_stm32f427_437xx.o(.text)
    RTC_WKUP_IRQHandler                      0x0800029b   Thumb Code     0  startup_stm32f427_437xx.o(.text)
    SAI1_IRQHandler                          0x0800029b   Thumb Code     0  startup_stm32f427_437xx.o(.text)
    SDIO_IRQHandler                          0x0800029b   Thumb Code     0  startup_stm32f427_437xx.o(.text)
    SPI1_IRQHandler                          0x0800029b   Thumb Code     0  startup_stm32f427_437xx.o(.text)
    SPI2_IRQHandler                          0x0800029b   Thumb Code     0  startup_stm32f427_437xx.o(.text)
    SPI3_IRQHandler                          0x0800029b   Thumb Code     0  startup_stm32f427_437xx.o(.text)
    SPI4_IRQHandler                          0x0800029b   Thumb Code     0  startup_stm32f427_437xx.o(.text)
    SPI5_IRQHandler                          0x0800029b   Thumb Code     0  startup_stm32f427_437xx.o(.text)
    SPI6_IRQHandler                          0x0800029b   Thumb Code     0  startup_stm32f427_437xx.o(.text)
    TAMP_STAMP_IRQHandler                    0x0800029b   Thumb Code     0  startup_stm32f427_437xx.o(.text)
    TIM1_BRK_TIM9_IRQHandler                 0x0800029b   Thumb Code     0  startup_stm32f427_437xx.o(.text)
    TIM1_CC_IRQHandler                       0x0800029b   Thumb Code     0  startup_stm32f427_437xx.o(.text)
    TIM1_TRG_COM_TIM11_IRQHandler            0x0800029b   Thumb Code     0  startup_stm32f427_437xx.o(.text)
    TIM1_UP_TIM10_IRQHandler                 0x0800029b   Thumb Code     0  startup_stm32f427_437xx.o(.text)
    TIM2_IRQHandler                          0x0800029b   Thumb Code     0  startup_stm32f427_437xx.o(.text)
    TIM3_IRQHandler                          0x0800029b   Thumb Code     0  startup_stm32f427_437xx.o(.text)
    TIM4_IRQHandler                          0x0800029b   Thumb Code     0  startup_stm32f427_437xx.o(.text)
    TIM5_IRQHandler                          0x0800029b   Thumb Code     0  startup_stm32f427_437xx.o(.text)
    TIM8_BRK_TIM12_IRQHandler                0x0800029b   Thumb Code     0  startup_stm32f427_437xx.o(.text)
    TIM8_CC_IRQHandler                       0x0800029b   Thumb Code     0  startup_stm32f427_437xx.o(.text)
    TIM8_TRG_COM_TIM14_IRQHandler            0x0800029b   Thumb Code     0  startup_stm32f427_437xx.o(.text)
    TIM8_UP_TIM13_IRQHandler                 0x0800029b   Thumb Code     0  startup_stm32f427_437xx.o(.text)
    UART4_IRQHandler                         0x0800029b   Thumb Code     0  startup_stm32f427_437xx.o(.text)
    UART5_IRQHandler                         0x0800029b   Thumb Code     0  startup_stm32f427_437xx.o(.text)
    UART7_IRQHandler                         0x0800029b   Thumb Code     0  startup_stm32f427_437xx.o(.text)
    UART8_IRQHandler                         0x0800029b   Thumb Code     0  startup_stm32f427_437xx.o(.text)
    WWDG_IRQHandler                          0x0800029b   Thumb Code     0  startup_stm32f427_437xx.o(.text)
    __aeabi_memcpy                           0x080002a5   Thumb Code    36  memcpya.o(.text)
    __aeabi_memcpy4                          0x080002a5   Thumb Code     0  memcpya.o(.text)
    __aeabi_memcpy8                          0x080002a5   Thumb Code     0  memcpya.o(.text)
    __aeabi_memset                           0x080002c9   Thumb Code    14  memseta.o(.text)
    __aeabi_memset4                          0x080002c9   Thumb Code     0  memseta.o(.text)
    __aeabi_memset8                          0x080002c9   Thumb Code     0  memseta.o(.text)
    __aeabi_memclr                           0x080002d7   Thumb Code     4  memseta.o(.text)
    __aeabi_memclr4                          0x080002d7   Thumb Code     0  memseta.o(.text)
    __aeabi_memclr8                          0x080002d7   Thumb Code     0  memseta.o(.text)
    _memset$wrapper                          0x080002db   Thumb Code    18  memseta.o(.text)
    memcmp                                   0x080002ed   Thumb Code    26  memcmp.o(.text)
    strcpy                                   0x08000307   Thumb Code    18  strcpy.o(.text)
    __aeabi_dadd                             0x08000319   Thumb Code   322  dadd.o(.text)
    __aeabi_dsub                             0x0800045b   Thumb Code     6  dadd.o(.text)
    __aeabi_drsub                            0x08000461   Thumb Code     6  dadd.o(.text)
    __aeabi_dmul                             0x08000467   Thumb Code   228  dmul.o(.text)
    __aeabi_f2d                              0x0800054b   Thumb Code    38  f2d.o(.text)
    __aeabi_d2f                              0x08000571   Thumb Code    56  d2f.o(.text)
    __aeabi_llsl                             0x080005a9   Thumb Code    30  llshl.o(.text)
    _ll_shift_l                              0x080005a9   Thumb Code     0  llshl.o(.text)
    __aeabi_lasr                             0x080005c7   Thumb Code    36  llsshr.o(.text)
    _ll_sshift_r                             0x080005c7   Thumb Code     0  llsshr.o(.text)
    __I$use$fp                               0x080005eb   Thumb Code     0  iusefp.o(.text)
    _float_round                             0x080005eb   Thumb Code    18  fepilogue.o(.text)
    _float_epilogue                          0x080005fd   Thumb Code    92  fepilogue.o(.text)
    _double_round                            0x08000659   Thumb Code    30  depilogue.o(.text)
    _double_epilogue                         0x08000677   Thumb Code   156  depilogue.o(.text)
    __aeabi_ddiv                             0x08000713   Thumb Code   222  ddiv.o(.text)
    __scatterload                            0x080007f1   Thumb Code    28  init.o(.text)
    __scatterload_rt2                        0x080007f1   Thumb Code     0  init.o(.text)
    __aeabi_llsr                             0x08000815   Thumb Code    32  llushr.o(.text)
    _ll_ushift_r                             0x08000815   Thumb Code     0  llushr.o(.text)
    __aeabi_i2d                              0x08000835   Thumb Code    34  dflti.o(.text)
    __aeabi_ui2d                             0x08000857   Thumb Code    26  dfltui.o(.text)
    __aeabi_d2iz                             0x08000871   Thumb Code    62  dfixi.o(.text)
    __decompress                             0x080008af   Thumb Code     0  __dczerorl2.o(.text)
    __decompress1                            0x080008af   Thumb Code    86  __dczerorl2.o(.text)
    Append_CRC16_Check_Sum                   0x08000905   Thumb Code    44  mc01_judgesystem.o(i.Append_CRC16_Check_Sum)
    BulletCatcher_Init                       0x08000935   Thumb Code   202  bulletcatcher_control.o(i.BulletCatcher_Init)
    BulletCatcher_begin                      0x08000a0d   Thumb Code   254  bulletcatcher_control.o(i.BulletCatcher_begin)
    BulletCatcher_close                      0x08000b11   Thumb Code   110  bulletcatcher_control.o(i.BulletCatcher_close)
    BulletCatcher_decide                     0x08000b85   Thumb Code    20  bulletcatcher_control.o(i.BulletCatcher_decide)
    BulletCatcher_lootProcessing             0x08000ba1   Thumb Code   490  bulletcatcher_control.o(i.BulletCatcher_lootProcessing)
    BulletCatcher_move                       0x08000d91   Thumb Code   194  bulletcatcher_control.o(i.BulletCatcher_move)
    BulletCatcher_open                       0x08000e5d   Thumb Code   132  bulletcatcher_control.o(i.BulletCatcher_open)
    BulletCatcher_processing                 0x08000ee5   Thumb Code  1242  bulletcatcher_control.o(i.BulletCatcher_processing)
    BulletCatcher_resetAngle                 0x080013c5   Thumb Code   366  bulletcatcher_control.o(i.BulletCatcher_resetAngle)
    BulletCatcher_resetPosition              0x0800154d   Thumb Code   240  bulletcatcher_control.o(i.BulletCatcher_resetPosition)
    BulletCatcher_setM3508Current            0x0800164d   Thumb Code    78  bulletcatcher_control.o(i.BulletCatcher_setM3508Current)
    BulletCatcher_setMode                    0x080016a1   Thumb Code     8  bulletcatcher_control.o(i.BulletCatcher_setMode)
    BulletCatcher_setPosition                0x080016ad   Thumb Code   124  bulletcatcher_control.o(i.BulletCatcher_setPosition)
    BulletCatcher_setSpeed                   0x08001731   Thumb Code    32  bulletcatcher_control.o(i.BulletCatcher_setSpeed)
    BulletCatcher_setTargetAngle             0x08001755   Thumb Code   124  bulletcatcher_control.o(i.BulletCatcher_setTargetAngle)
    BulletCatcher_threeProcessing            0x080017d9   Thumb Code   302  bulletcatcher_control.o(i.BulletCatcher_threeProcessing)
    BulletCatcher_writeBank                  0x08001911   Thumb Code   112  bulletcatcher_control.o(i.BulletCatcher_writeBank)
    BusFault_Handler                         0x08001989   Thumb Code     4  stm32f4xx_it.o(i.BusFault_Handler)
    Buzzer_Init                              0x0800198d   Thumb Code    14  buzzer.o(i.Buzzer_Init)
    Buzzer_OFF                               0x0800199d   Thumb Code    14  buzzer.o(i.Buzzer_OFF)
    Buzzer_play                              0x080019b5   Thumb Code    72  buzzer.o(i.Buzzer_play)
    Buzzer_setTone                           0x080019fd   Thumb Code    90  buzzer.o(i.Buzzer_setTone)
    CAN1_QuickInit                           0x08001a69   Thumb Code   222  can.o(i.CAN1_QuickInit)
    CAN1_RX0_IRQHandler                      0x08001b51   Thumb Code    76  stm32f4xx_it.o(i.CAN1_RX0_IRQHandler)
    CAN2_QuickInit                           0x08001ba9   Thumb Code   228  can.o(i.CAN2_QuickInit)
    CAN2_RX0_IRQHandler                      0x08001c95   Thumb Code    76  stm32f4xx_it.o(i.CAN2_RX0_IRQHandler)
    CAN_ClearITPendingBit                    0x08001ced   Thumb Code   162  stm32f4xx_can.o(i.CAN_ClearITPendingBit)
    CAN_FilterInit                           0x08001d95   Thumb Code   258  stm32f4xx_can.o(i.CAN_FilterInit)
    CAN_GetITStatus                          0x08001e9d   Thumb Code   284  stm32f4xx_can.o(i.CAN_GetITStatus)
    CAN_ITConfig                             0x08001fbd   Thumb Code    18  stm32f4xx_can.o(i.CAN_ITConfig)
    CAN_Init                                 0x08001fcf   Thumb Code   276  stm32f4xx_can.o(i.CAN_Init)
    CAN_Receive                              0x080020e3   Thumb Code   240  stm32f4xx_can.o(i.CAN_Receive)
    CAN_SendData                             0x080021d5   Thumb Code   100  can.o(i.CAN_SendData)
    CAN_Transmit                             0x08002245   Thumb Code   294  stm32f4xx_can.o(i.CAN_Transmit)
    CanTaskCreate                            0x0800236d   Thumb Code   106  canmsg_task.o(i.CanTaskCreate)
    Chassis_Init                             0x08002435   Thumb Code    82  chassis_control.o(i.Chassis_Init)
    Chassis_processing                       0x08002495   Thumb Code   772  chassis_control.o(i.Chassis_processing)
    Chassis_setM3508Current                  0x080027a5   Thumb Code    78  chassis_control.o(i.Chassis_setM3508Current)
    Chassis_setMode                          0x080027f9   Thumb Code     8  chassis_control.o(i.Chassis_setMode)
    Chassis_setOffset                        0x08002805   Thumb Code    12  chassis_control.o(i.Chassis_setOffset)
    Chassis_setSpeed                         0x08002815   Thumb Code    20  chassis_control.o(i.Chassis_setSpeed)
    Cloud_getYawAngleWithCenter              0x08002841   Thumb Code    28  cloud_control.o(i.Cloud_getYawAngleWithCenter)
    Control_KeyHandle                        0x08002869   Thumb Code   494  command_task.o(i.Control_KeyHandle)
    Control_combineKeyScan                   0x08002a81   Thumb Code    74  command_task.o(i.Control_combineKeyScan)
    Control_notCombineKeyHandle              0x08002ad1   Thumb Code   334  command_task.o(i.Control_notCombineKeyHandle)
    DMA_Cmd                                  0x08002c51   Thumb Code    22  stm32f4xx_dma.o(i.DMA_Cmd)
    DMA_DeInit                               0x08002c69   Thumb Code   324  stm32f4xx_dma.o(i.DMA_DeInit)
    DMA_GetCmdStatus                         0x08002dc1   Thumb Code    20  stm32f4xx_dma.o(i.DMA_GetCmdStatus)
    DMA_GetCurrDataCounter                   0x08002dd5   Thumb Code     8  stm32f4xx_dma.o(i.DMA_GetCurrDataCounter)
    DMA_Init                                 0x08002ddd   Thumb Code    82  stm32f4xx_dma.o(i.DMA_Init)
    DMA_SetCurrDataCounter                   0x08002e35   Thumb Code     4  stm32f4xx_dma.o(i.DMA_SetCurrDataCounter)
    DR16_KeyProcessing                       0x08002e39   Thumb Code    34  dr16_receiver.o(i.DR16_KeyProcessing)
    DR16_dataProcess                         0x08002e6d   Thumb Code   384  dr16_receiver.o(i.DR16_dataProcess)
    DR16_keyBoardProcess                     0x08002ff1   Thumb Code   138  dr16_receiver.o(i.DR16_keyBoardProcess)
    DR16_mouseProcess                        0x0800307b   Thumb Code   128  dr16_receiver.o(i.DR16_mouseProcess)
    DR16_receiverInit                        0x080030fd   Thumb Code    18  dr16_receiver.o(i.DR16_receiverInit)
    DYMX64AT_Init                            0x08003119   Thumb Code    10  dynamixelservo.o(i.DYMX64AT_Init)
    DYMX64AT_setSyncTarAng                   0x08003129   Thumb Code   242  dynamixelservo.o(i.DYMX64AT_setSyncTarAng)
    DebugMon_Handler                         0x08003221   Thumb Code     2  stm32f4xx_it.o(i.DebugMon_Handler)
    DevicesMonitor_update                    0x08003225   Thumb Code   390  devicesmonitor.o(i.DevicesMonitor_update)
    Filter_IIRLPF                            0x080033c9   Thumb Code    26  filter.o(i.Filter_IIRLPF)
    GAS8_resetBits                           0x080033e5   Thumb Code    22  gas_8.o(i.GAS8_resetBits)
    GAS8_sendData                            0x08003401   Thumb Code    36  gas_8.o(i.GAS8_sendData)
    GAS8_setBits                             0x0800342d   Thumb Code    22  gas_8.o(i.GAS8_setBits)
    GPIO_Init                                0x08003449   Thumb Code   144  stm32f4xx_gpio.o(i.GPIO_Init)
    GPIO_PinAFConfig                         0x080034d9   Thumb Code    70  stm32f4xx_gpio.o(i.GPIO_PinAFConfig)
    GPIO_ReadInputDataBit                    0x0800351f   Thumb Code    18  stm32f4xx_gpio.o(i.GPIO_ReadInputDataBit)
    GPIO_ToggleBits                          0x08003531   Thumb Code     8  stm32f4xx_gpio.o(i.GPIO_ToggleBits)
    GPIO_WriteBit                            0x08003539   Thumb Code    10  stm32f4xx_gpio.o(i.GPIO_WriteBit)
    GY_IMU_Checksum                          0x08003543   Thumb Code    36  gy_imu.o(i.GY_IMU_Checksum)
    GY_IMU_getInfo                           0x08003569   Thumb Code   452  gy_imu.o(i.GY_IMU_getInfo)
    Get_CRC16_Check_Sum                      0x08003739   Thumb Code    46  mc01_judgesystem.o(i.Get_CRC16_Check_Sum)
    Get_CRC8_Check_Sum                       0x0800376d   Thumb Code    30  mc01_judgesystem.o(i.Get_CRC8_Check_Sum)
    Hall_IO_Init                             0x08003791   Thumb Code    66  hall_io.o(i.Hall_IO_Init)
    HardFault_Handler                        0x080037d9   Thumb Code     4  stm32f4xx_it.o(i.HardFault_Handler)
    JudgeSystem_Init                         0x080037dd   Thumb Code    20  mc01_judgesystem.o(i.JudgeSystem_Init)
    Judge_getInfo                            0x080037f5   Thumb Code   684  mc01_judgesystem.o(i.Judge_getInfo)
    Judge_getRobotCommInfo                   0x08003aa5   Thumb Code    28  mc01_judgesystem.o(i.Judge_getRobotCommInfo)
    Judge_sendDataToClient                   0x08003ac5   Thumb Code   182  mc01_judgesystem.o(i.Judge_sendDataToClient)
    LED_Init                                 0x08003b85   Thumb Code   110  led.o(i.LED_Init)
    Lift_setM3508Current                     0x08003bfd   Thumb Code    78  lifting_control.o(i.Lift_setM3508Current)
    Lifting_Init                             0x08003c51   Thumb Code   114  lifting_control.o(i.Lifting_Init)
    Lifting_processing                       0x08003cd9   Thumb Code   898  lifting_control.o(i.Lifting_processing)
    Lifting_setMode                          0x08004079   Thumb Code     8  lifting_control.o(i.Lifting_setMode)
    Lifting_setPosition                      0x08004085   Thumb Code   138  lifting_control.o(i.Lifting_setPosition)
    M3508_clearTurnCounter                   0x08004115   Thumb Code    18  m3508_motor.o(i.M3508_clearTurnCounter)
    M3508_getInfo                            0x08004129   Thumb Code   132  m3508_motor.o(i.M3508_getInfo)
    M6623_getInfo                            0x080041b1   Thumb Code   110  m6623_motor.o(i.M6623_getInfo)
    Magazine_Close                           0x08004225   Thumb Code   134  magazine_control.o(i.Magazine_Close)
    Magazine_Open                            0x080042b9   Thumb Code   112  magazine_control.o(i.Magazine_Open)
    Magazine_processing                      0x08004331   Thumb Code    12  magazine_control.o(i.Magazine_processing)
    MecanumCalculate                         0x0800433d   Thumb Code   748  chassis_control.o(i.MecanumCalculate)
    MemManage_Handler                        0x08004641   Thumb Code     4  stm32f4xx_it.o(i.MemManage_Handler)
    NMI_Handler                              0x08004645   Thumb Code     2  stm32f4xx_it.o(i.NMI_Handler)
    NVIC_Config                              0x08004647   Thumb Code    40  nvic.o(i.NVIC_Config)
    NVIC_Init                                0x08004671   Thumb Code   106  misc.o(i.NVIC_Init)
    NVIC_PriorityGroupConfig                 0x080046e9   Thumb Code    10  misc.o(i.NVIC_PriorityGroupConfig)
    Photogate_IO_Init                        0x080046fd   Thumb Code    38  hall_io.o(i.Photogate_IO_Init)
    PositionPID_paraReset                    0x08004729   Thumb Code    66  pid.o(i.PositionPID_paraReset)
    Position_PID                             0x08004771   Thumb Code   318  pid.o(i.Position_PID)
    RCC_AHB1PeriphClockCmd                   0x080048b1   Thumb Code    26  stm32f4xx_rcc.o(i.RCC_AHB1PeriphClockCmd)
    RCC_APB1PeriphClockCmd                   0x080048d1   Thumb Code    26  stm32f4xx_rcc.o(i.RCC_APB1PeriphClockCmd)
    RCC_APB2PeriphClockCmd                   0x080048f1   Thumb Code    26  stm32f4xx_rcc.o(i.RCC_APB2PeriphClockCmd)
    RCC_GetClocksFreq                        0x08004911   Thumb Code   214  stm32f4xx_rcc.o(i.RCC_GetClocksFreq)
    Robot_Disability                         0x080049f9   Thumb Code    22  robot_control.o(i.Robot_Disability)
    Robot_Enable                             0x08004a0f   Thumb Code    22  robot_control.o(i.Robot_Enable)
    SEGGER_RTT_ReadNoLock                    0x08004a25   Thumb Code   148  segger_rtt.o(i.SEGGER_RTT_ReadNoLock)
    SEGGER_RTT_WriteSkipNoLock               0x08004abd   Thumb Code   172  segger_rtt.o(i.SEGGER_RTT_WriteSkipNoLock)
    SEGGER_SYSVIEW_GetSysDesc                0x08004b6d   Thumb Code   180  segger_sysview.o(i.SEGGER_SYSVIEW_GetSysDesc)
    SEGGER_SYSVIEW_OnIdle                    0x08004c29   Thumb Code    48  segger_sysview.o(i.SEGGER_SYSVIEW_OnIdle)
    SEGGER_SYSVIEW_OnTaskCreate              0x08004c5d   Thumb Code    92  segger_sysview.o(i.SEGGER_SYSVIEW_OnTaskCreate)
    SEGGER_SYSVIEW_OnTaskStartExec           0x08004cc1   Thumb Code    92  segger_sysview.o(i.SEGGER_SYSVIEW_OnTaskStartExec)
    SEGGER_SYSVIEW_OnTaskStartReady          0x08004d25   Thumb Code    92  segger_sysview.o(i.SEGGER_SYSVIEW_OnTaskStartReady)
    SEGGER_SYSVIEW_RecordSystime             0x08004d89   Thumb Code    52  segger_sysview.o(i.SEGGER_SYSVIEW_RecordSystime)
    SEGGER_SYSVIEW_RecordU32                 0x08004dc5   Thumb Code    88  segger_sysview.o(i.SEGGER_SYSVIEW_RecordU32)
    SEGGER_SYSVIEW_RecordU32x2               0x08004e21   Thumb Code   118  segger_sysview.o(i.SEGGER_SYSVIEW_RecordU32x2)
    SEGGER_SYSVIEW_RecordU32x3               0x08004e9d   Thumb Code   148  segger_sysview.o(i.SEGGER_SYSVIEW_RecordU32x3)
    SEGGER_SYSVIEW_RecordU32x4               0x08004f35   Thumb Code   180  segger_sysview.o(i.SEGGER_SYSVIEW_RecordU32x4)
    SEGGER_SYSVIEW_RecordVoid                0x08004fed   Thumb Code    50  segger_sysview.o(i.SEGGER_SYSVIEW_RecordVoid)
    SEGGER_SYSVIEW_SendModule                0x08005025   Thumb Code   162  segger_sysview.o(i.SEGGER_SYSVIEW_SendModule)
    SEGGER_SYSVIEW_SendModuleDescription     0x080050d1   Thumb Code    30  segger_sysview.o(i.SEGGER_SYSVIEW_SendModuleDescription)
    SEGGER_SYSVIEW_SendNumModules            0x080050f5   Thumb Code    80  segger_sysview.o(i.SEGGER_SYSVIEW_SendNumModules)
    SEGGER_SYSVIEW_SendTaskInfo              0x0800514d   Thumb Code   264  segger_sysview.o(i.SEGGER_SYSVIEW_SendTaskInfo)
    SEGGER_SYSVIEW_SendTaskList              0x0800525d   Thumb Code    26  segger_sysview.o(i.SEGGER_SYSVIEW_SendTaskList)
    SEGGER_SYSVIEW_ShrinkId                  0x0800527d   Thumb Code    12  segger_sysview.o(i.SEGGER_SYSVIEW_ShrinkId)
    SEGGER_SYSVIEW_Start                     0x0800528d   Thumb Code   248  segger_sysview.o(i.SEGGER_SYSVIEW_Start)
    SEGGER_SYSVIEW_Stop                      0x08005391   Thumb Code    60  segger_sysview.o(i.SEGGER_SYSVIEW_Stop)
    SEGGER_SYSVIEW_Warn                      0x080053d5   Thumb Code   122  segger_sysview.o(i.SEGGER_SYSVIEW_Warn)
    SYSVIEW_AddTask                          0x08005455   Thumb Code   150  segger_sysview_freertos.o(i.SYSVIEW_AddTask)
    SYSVIEW_DeleteTask                       0x08005501   Thumb Code   262  segger_sysview_freertos.o(i.SYSVIEW_DeleteTask)
    SYSVIEW_SendTaskInfo                     0x08005611   Thumb Code    50  segger_sysview_freertos.o(i.SYSVIEW_SendTaskInfo)
    SysTick_Handler                          0x08005765   Thumb Code    16  stm32f4xx_it.o(i.SysTick_Handler)
    SystemInit                               0x08005775   Thumb Code    88  system_stm32f4xx.o(i.SystemInit)
    TIM12_PWMOutput                          0x0800581d   Thumb Code   102  tim.o(i.TIM12_PWMOutput)
    TIM6_DAC_IRQHandler                      0x08005889   Thumb Code    50  stm32f4xx_it.o(i.TIM6_DAC_IRQHandler)
    TIM7_IRQHandler                          0x080058c9   Thumb Code    40  stm32f4xx_it.o(i.TIM7_IRQHandler)
    TIM_ClearITPendingBit                    0x080058f9   Thumb Code     6  stm32f4xx_tim.o(i.TIM_ClearITPendingBit)
    TIM_Cmd                                  0x080058ff   Thumb Code    24  stm32f4xx_tim.o(i.TIM_Cmd)
    TIM_GetITStatus                          0x08005917   Thumb Code    34  stm32f4xx_tim.o(i.TIM_GetITStatus)
    TIM_OC1Init                              0x08005939   Thumb Code   114  stm32f4xx_tim.o(i.TIM_OC1Init)
    TIM_SetAutoreload                        0x080059b5   Thumb Code     4  stm32f4xx_tim.o(i.TIM_SetAutoreload)
    TIM_SetCompare1                          0x080059b9   Thumb Code     4  stm32f4xx_tim.o(i.TIM_SetCompare1)
    TIM_SetCompare2                          0x080059bd   Thumb Code     4  stm32f4xx_tim.o(i.TIM_SetCompare2)
    TIM_SetCompare3                          0x080059c1   Thumb Code     4  stm32f4xx_tim.o(i.TIM_SetCompare3)
    TIM_SetCompare4                          0x080059c5   Thumb Code     4  stm32f4xx_tim.o(i.TIM_SetCompare4)
    TIM_TimeBaseInit                         0x080059c9   Thumb Code   104  stm32f4xx_tim.o(i.TIM_TimeBaseInit)
    USART1_IRQHandler                        0x08005a4d   Thumb Code    72  stm32f4xx_it.o(i.USART1_IRQHandler)
    USART1_QuickInit                         0x08005aa5   Thumb Code   156  usart.o(i.USART1_QuickInit)
    USART1_RXDMA_Config                      0x08005b49   Thumb Code   130  usart.o(i.USART1_RXDMA_Config)
    USART2_IRQHandler                        0x08005bd5   Thumb Code    60  stm32f4xx_it.o(i.USART2_IRQHandler)
    USART2_QuickInit                         0x08005c19   Thumb Code   156  usart.o(i.USART2_QuickInit)
    USART3_IRQHandler                        0x08005cbd   Thumb Code    74  stm32f4xx_it.o(i.USART3_IRQHandler)
    USART6_IRQHandler                        0x08005d19   Thumb Code    72  stm32f4xx_it.o(i.USART6_IRQHandler)
    USART6_QuickInit                         0x08005d6d   Thumb Code   156  usart.o(i.USART6_QuickInit)
    USART6_RXDMA_Config                      0x08005e11   Thumb Code   130  usart.o(i.USART6_RXDMA_Config)
    USART_Cmd                                0x08005e9d   Thumb Code    24  stm32f4xx_usart.o(i.USART_Cmd)
    USART_DMACmd                             0x08005eb5   Thumb Code    18  stm32f4xx_usart.o(i.USART_DMACmd)
    USART_GetFlagStatus                      0x08005ec7   Thumb Code    26  stm32f4xx_usart.o(i.USART_GetFlagStatus)
    USART_GetITStatus                        0x08005ee1   Thumb Code    84  stm32f4xx_usart.o(i.USART_GetITStatus)
    USART_ITConfig                           0x08005f35   Thumb Code    74  stm32f4xx_usart.o(i.USART_ITConfig)
    USART_Init                               0x08005f81   Thumb Code   204  stm32f4xx_usart.o(i.USART_Init)
    USART_SendData                           0x08006055   Thumb Code     8  stm32f4xx_usart.o(i.USART_SendData)
    USART_sendChar                           0x0800605d   Thumb Code    30  usart.o(i.USART_sendChar)
    UpperStructure_Init                      0x0800607b   Thumb Code    12  upperstructure.o(i.UpperStructure_Init)
    UpperStructure_M3508executeAngle         0x08006089   Thumb Code    40  upperstructure.o(i.UpperStructure_M3508executeAngle)
    UpperStructure_close                     0x080060b9   Thumb Code    46  upperstructure.o(i.UpperStructure_close)
    UpperStructure_open                      0x080060f1   Thumb Code    70  upperstructure.o(i.UpperStructure_open)
    UpperStructure_processing                0x08006141   Thumb Code    28  upperstructure.o(i.UpperStructure_processing)
    UsageFault_Handler                       0x0800615d   Thumb Code     4  stm32f4xx_it.o(i.UsageFault_Handler)
    Verify_CRC16_Check_Sum                   0x08006161   Thumb Code    72  mc01_judgesystem.o(i.Verify_CRC16_Check_Sum)
    __ARM_fpclassify                         0x080064a5   Thumb Code    48  fpclassify.o(i.__ARM_fpclassify)
    __hardfp_cos                             0x080064d9   Thumb Code   180  cos.o(i.__hardfp_cos)
    __hardfp_sin                             0x080065a1   Thumb Code   180  sin.o(i.__hardfp_sin)
    __ieee754_rem_pio2                       0x08006669   Thumb Code   938  rred.o(i.__ieee754_rem_pio2)
    __kernel_cos                             0x08006aa1   Thumb Code   322  cos_i.o(i.__kernel_cos)
    __kernel_poly                            0x08006c11   Thumb Code   248  poly.o(i.__kernel_poly)
    __kernel_sin                             0x08006d09   Thumb Code   280  sin_i.o(i.__kernel_sin)
    __mathlib_dbl_infnan                     0x08006e39   Thumb Code    20  dunder.o(i.__mathlib_dbl_infnan)
    __mathlib_dbl_invalid                    0x08006e51   Thumb Code    24  dunder.o(i.__mathlib_dbl_invalid)
    __mathlib_dbl_underflow                  0x08006e71   Thumb Code    24  dunder.o(i.__mathlib_dbl_underflow)
    __scatterload_copy                       0x08006e91   Thumb Code    14  handlers.o(i.__scatterload_copy)
    __scatterload_null                       0x08006e9f   Thumb Code     2  handlers.o(i.__scatterload_null)
    __scatterload_zeroinit                   0x08006ea1   Thumb Code    14  handlers.o(i.__scatterload_zeroinit)
    __set_errno                              0x08006eb1   Thumb Code     6  errno.o(i.__set_errno)
    delay_ms                                 0x08006eeb   Thumb Code    24  delay.o(i.delay_ms)
    delay_us                                 0x08006f05   Thumb Code    40  delay.o(i.delay_us)
    dr16_keyboard_isJumpKeyPressed           0x08006f35   Thumb Code    32  dr16_receiver.o(i.dr16_keyboard_isJumpKeyPressed)
    dr16_keyboard_isPressedKey               0x08006f59   Thumb Code    28  dr16_receiver.o(i.dr16_keyboard_isPressedKey)
    fabs                                     0x08006f79   Thumb Code    24  fabs.o(i.fabs)
    free                                     0x08006f91   Thumb Code    76  malloc.o(i.free)
    main                                     0x08006fe1   Thumb Code   118  main.o(i.main)
    malloc                                   0x08007079   Thumb Code    92  malloc.o(i.malloc)
    pvPortMalloc                             0x080079f1   Thumb Code   188  heap_4.o(i.pvPortMalloc)
    pxPortInitialiseStack                    0x08007ac1   Thumb Code    38  port.o(i.pxPortInitialiseStack)
    ramp_calc                                0x08007aed   Thumb Code    58  ramp.o(i.ramp_calc)
    ramp_init                                0x08007b2d   Thumb Code     8  ramp.o(i.ramp_init)
    uxListRemove                             0x08007b35   Thumb Code    40  list.o(i.uxListRemove)
    uxTaskResetEventItemValue                0x08007b5d   Thumb Code    24  tasks.o(i.uxTaskResetEventItemValue)
    vListInitialise                          0x08007b79   Thumb Code    26  list.o(i.vListInitialise)
    vListInitialiseItem                      0x08007b93   Thumb Code     6  list.o(i.vListInitialiseItem)
    vListInsert                              0x08007b99   Thumb Code    52  list.o(i.vListInsert)
    vListInsertEnd                           0x08007bcd   Thumb Code    24  list.o(i.vListInsertEnd)
    vPortEnterCritical                       0x08007be5   Thumb Code    30  port.o(i.vPortEnterCritical)
    vPortExitCritical                        0x08007c09   Thumb Code    28  port.o(i.vPortExitCritical)
    vPortFree                                0x08007c29   Thumb Code    64  heap_4.o(i.vPortFree)
    vPortSetupTimerInterrupt                 0x08007c71   Thumb Code    36  port.o(i.vPortSetupTimerInterrupt)
    vQueueAddToRegistry                      0x08007c99   Thumb Code    64  queue.o(i.vQueueAddToRegistry)
    vQueueWaitForMessageRestricted           0x08007cdd   Thumb Code    74  queue.o(i.vQueueWaitForMessageRestricted)
    vTaskChassis                             0x08007e81   Thumb Code    58  chassis_task.o(i.vTaskChassis)
    vTaskCommand                             0x08007ec5   Thumb Code   932  command_task.o(i.vTaskCommand)
    vTaskDelay                               0x080082a9   Thumb Code    54  tasks.o(i.vTaskDelay)
    vTaskDelayUntil                          0x080082e5   Thumb Code   112  tasks.o(i.vTaskDelayUntil)
    vTaskDelete                              0x0800835d   Thumb Code   188  tasks.o(i.vTaskDelete)
    vTaskDevicesMonitor                      0x0800843d   Thumb Code    54  devicesmonitor_tasks.o(i.vTaskDevicesMonitor)
    vTaskInternalSetTimeOutState             0x0800847d   Thumb Code    14  tasks.o(i.vTaskInternalSetTimeOutState)
    vTaskMissedYield                         0x08008495   Thumb Code     8  tasks.o(i.vTaskMissedYield)
    vTaskPlaceOnEventList                    0x080084a1   Thumb Code    28  tasks.o(i.vTaskPlaceOnEventList)
    vTaskPlaceOnEventListRestricted          0x080084c1   Thumb Code    42  tasks.o(i.vTaskPlaceOnEventListRestricted)
    vTaskPlaceOnUnorderedEventList           0x080084f1   Thumb Code    40  tasks.o(i.vTaskPlaceOnUnorderedEventList)
    vTaskPlayRoom                            0x0800851d   Thumb Code    28  playroom_task.o(i.vTaskPlayRoom)
    vTaskRemoveFromUnorderedEventList        0x08008539   Thumb Code    88  tasks.o(i.vTaskRemoveFromUnorderedEventList)
    vTaskResume                              0x080085a1   Thumb Code   126  tasks.o(i.vTaskResume)
    vTaskStartScheduler                      0x08008631   Thumb Code   112  tasks.o(i.vTaskStartScheduler)
    vTaskSuspend                             0x080086c1   Thumb Code   190  tasks.o(i.vTaskSuspend)
    vTaskSuspendAll                          0x0800879d   Thumb Code    12  tasks.o(i.vTaskSuspendAll)
    vTaskSwitchContext                       0x080087ad   Thumb Code   106  tasks.o(i.vTaskSwitchContext)
    vTaskSystemInit                          0x08008835   Thumb Code   212  systeminit_tasks.o(i.vTaskSystemInit)
    vTaskUpperStructure                      0x0800898d   Thumb Code    38  upperstructure_task.o(i.vTaskUpperStructure)
    xEventGroupCreate                        0x080089b9   Thumb Code    26  event_groups.o(i.xEventGroupCreate)
    xEventGroupSetBits                       0x080089d3   Thumb Code   146  event_groups.o(i.xEventGroupSetBits)
    xEventGroupWaitBits                      0x08008a65   Thumb Code   198  event_groups.o(i.xEventGroupWaitBits)
    xPortStartScheduler                      0x08008b31   Thumb Code    58  port.o(i.xPortStartScheduler)
    xPortSysTickHandler                      0x08008b79   Thumb Code    46  port.o(i.xPortSysTickHandler)
    xQueueGenericCreate                      0x08008bad   Thumb Code    58  queue.o(i.xQueueGenericCreate)
    xQueueGenericReset                       0x08008be9   Thumb Code   122  queue.o(i.xQueueGenericReset)
    xQueueGenericSend                        0x08008c69   Thumb Code   344  queue.o(i.xQueueGenericSend)
    xQueueGenericSendFromISR                 0x08008dc5   Thumb Code   170  queue.o(i.xQueueGenericSendFromISR)
    xQueueReceive                            0x08008e71   Thumb Code   352  queue.o(i.xQueueReceive)
    xTaskCheckForTimeOut                     0x08008fd5   Thumb Code    84  tasks.o(i.xTaskCheckForTimeOut)
    xTaskCreate                              0x08009031   Thumb Code    96  tasks.o(i.xTaskCreate)
    xTaskGetSchedulerState                   0x08009091   Thumb Code    24  tasks.o(i.xTaskGetSchedulerState)
    xTaskGetTickCount                        0x080090b1   Thumb Code     6  tasks.o(i.xTaskGetTickCount)
    xTaskIncrementTick                       0x080090bd   Thumb Code   244  tasks.o(i.xTaskIncrementTick)
    xTaskPriorityDisinherit                  0x080091dd   Thumb Code   138  tasks.o(i.xTaskPriorityDisinherit)
    xTaskRemoveFromEventList                 0x08009271   Thumb Code   110  tasks.o(i.xTaskRemoveFromEventList)
    xTaskResumeAll                           0x080092f9   Thumb Code   202  tasks.o(i.xTaskResumeAll)
    xTimerCreateTimerTask                    0x080093e9   Thumb Code    42  timers.o(i.xTimerCreateTimerTask)
    xTimerGenericCommand                     0x08009429   Thumb Code   102  timers.o(i.xTimerGenericCommand)
    CRC8_INIT                                0x08009494   Data           1  mc01_judgesystem.o(.constdata)
    CRC8_TAB                                 0x08009495   Data         256  mc01_judgesystem.o(.constdata)
    wCRC_Table                               0x08009596   Data         512  mc01_judgesystem.o(.constdata)
    TIM_SetComparex                          0x08009798   Data          16  tim.o(.constdata)
    Region$$Table$$Base                      0x08009938   Number         0  anon$$obj.o(Region$$Table)
    Region$$Table$$Limit                     0x08009958   Number         0  anon$$obj.o(Region$$Table)
    xSystemInitEventGroup                    0x20000008   Data           4  systeminit_tasks.o(.data)
    xHandleTaskUpperStructure                0x2000000c   Data           4  upperstructure_task.o(.data)
    xHandleTaskCommand                       0x20000010   Data           4  command_task.o(.data)
    xCommandEventGroup                       0x20000014   Data           4  command_task.o(.data)
    ControlStatus                            0x20000018   Data           4  command_task.o(.data)
    Chassis_Vx                               0x2000001c   Data           4  command_task.o(.data)
    Chassis_Vy                               0x20000020   Data           4  command_task.o(.data)
    Chassis_Vz                               0x20000024   Data           4  command_task.o(.data)
    offTimeCounter                           0x20000028   Data           2  command_task.o(.data)
    cloud_delta_yaw                          0x2000002a   Data           2  command_task.o(.data)
    xHandleTaskChassis                       0x20000030   Data           4  chassis_task.o(.data)
    xHandleDevicesMonitor                    0x20000034   Data           4  devicesmonitor_tasks.o(.data)
    xCanSendQueue                            0x20000038   Data           4  canmsg_task.o(.data)
    xCan1RxQueue                             0x2000003c   Data           4  canmsg_task.o(.data)
    xCan2RxQueue                             0x20000040   Data           4  canmsg_task.o(.data)
    ZGyroModuleAngle                         0x20000050   Data           4  canmsg_task.o(.data)
    xHandleTaskPlayRoom                      0x20000054   Data           4  playroom_task.o(.data)
    BulletCatcher_test                       0x20000058   Data           4  bulletcatcher_control.o(.data)
    BigBank                                  0x2000005c   Data           8  bulletcatcher_control.o(.data)
    UpperStructrue                           0x20000068   Data           4  upperstructure.o(.data)
    Magazine                                 0x2000006c   Data           4  magazine_control.o(.data)
    dr16_mouseKeyLeft                        0x20000072   Data           4  dr16_receiver.o(.data)
    dr16_mouseKeyRight                       0x20000076   Data           4  dr16_receiver.o(.data)
    wExpected                                0x2000007a   Data           2  mc01_judgesystem.o(.data)
    CRC_INIT                                 0x2000007c   Data           2  mc01_judgesystem.o(.data)
    GAS8s                                    0x2000007e   Data           8  gas_8.o(.data)
    pxCurrentTCB                             0x200000a4   Data           4  tasks.o(.data)
    SystemCoreClock                          0x20000118   Data           4  system_stm32f4xx.o(.data)
    AHBPrescTable                            0x2000011c   Data          16  system_stm32f4xx.o(.data)
    __microlib_freelist                      0x2000012c   Data           4  mvars.o(.data)
    __microlib_freelist_initialised          0x20000130   Data           4  mvars.o(.data)
    fb_ramp                                  0x20000138   Data          12  command_task.o(.bss)
    lr_ramp                                  0x20000144   Data          12  command_task.o(.bss)
    cw_ramp                                  0x20000150   Data          12  command_task.o(.bss)
    BulletCatcher                            0x2000015c   Data         312  bulletcatcher_control.o(.bss)
    Chassis                                  0x20000294   Data         604  chassis_control.o(.bss)
    rotate_ratio                             0x200004f0   Data          16  chassis_control.o(.bss)
    Lifting                                  0x20000500   Data         324  lifting_control.o(.bss)
    Cloud                                    0x20000644   Data         512  cloud_control.o(.bss)
    Cloud_GY_IMU_RXBUFF                      0x20000844   Data          30  cloud_control.o(.bss)
    DR16_rxBuff                              0x20000862   Data          20  dr16_receiver.o(.bss)
    dr16_data                                0x20000876   Data          26  dr16_receiver.o(.bss)
    dr16_keyBorad                            0x20000890   Data          42  dr16_receiver.o(.bss)
    JudgeSystem_rxBuff                       0x200008bc   Data         180  mc01_judgesystem.o(.bss)
    JudgeSYS                                 0x20000970   Data         208  mc01_judgesystem.o(.bss)
    xQueueRegistry                           0x20013640   Data          64  queue.o(.bss)
    _SEGGER_RTT                              0x20013810   Data         168  segger_rtt.o(.bss)
    __heap_base                              0x200141d8   Data           0  startup_stm32f427_437xx.o(HEAP)
    __heap_limit                             0x200143d8   Data           0  startup_stm32f427_437xx.o(HEAP)
    __initial_sp                             0x200147d8   Data           0  startup_stm32f427_437xx.o(STACK)



==============================================================================

Memory Map of the image

  Image Entry point : 0x080001ad

  Load Region LR_IROM1 (Base: 0x08000000, Size: 0x00009a90, Max: 0x00200000, ABSOLUTE, COMPRESSED[0x00009978])

    Execution Region ER_IROM1 (Exec base: 0x08000000, Load base: 0x08000000, Size: 0x00009958, Max: 0x00200000, ABSOLUTE)

    Exec Addr    Load Addr    Size         Type   Attr      Idx    E Section Name        Object

    0x08000000   0x08000000   0x000001ac   Data   RO         9558    RESET               startup_stm32f427_437xx.o
    0x080001ac   0x080001ac   0x00000000   Code   RO         9587  * .ARM.Collect$$$$00000000  mc_w.l(entry.o)
    0x080001ac   0x080001ac   0x00000004   Code   RO         9927    .ARM.Collect$$$$00000001  mc_w.l(entry2.o)
    0x080001b0   0x080001b0   0x00000004   Code   RO         9930    .ARM.Collect$$$$00000004  mc_w.l(entry5.o)
    0x080001b4   0x080001b4   0x00000000   Code   RO         9932    .ARM.Collect$$$$00000008  mc_w.l(entry7b.o)
    0x080001b4   0x080001b4   0x00000000   Code   RO         9934    .ARM.Collect$$$$0000000A  mc_w.l(entry8b.o)
    0x080001b4   0x080001b4   0x00000008   Code   RO         9935    .ARM.Collect$$$$0000000B  mc_w.l(entry9a.o)
    0x080001bc   0x080001bc   0x00000000   Code   RO         9937    .ARM.Collect$$$$0000000D  mc_w.l(entry10a.o)
    0x080001bc   0x080001bc   0x00000000   Code   RO         9939    .ARM.Collect$$$$0000000F  mc_w.l(entry11a.o)
    0x080001bc   0x080001bc   0x00000004   Code   RO         9928    .ARM.Collect$$$$00002712  mc_w.l(entry2.o)
    0x080001c0   0x080001c0   0x000000be   Code   RO         2608    .emb_text           port.o
    0x0800027e   0x0800027e   0x00000002   PAD
    0x08000280   0x08000280   0x00000024   Code   RO         9559    .text               startup_stm32f427_437xx.o
    0x080002a4   0x080002a4   0x00000024   Code   RO         9590    .text               mc_w.l(memcpya.o)
    0x080002c8   0x080002c8   0x00000024   Code   RO         9592    .text               mc_w.l(memseta.o)
    0x080002ec   0x080002ec   0x0000001a   Code   RO         9596    .text               mc_w.l(memcmp.o)
    0x08000306   0x08000306   0x00000012   Code   RO         9598    .text               mc_w.l(strcpy.o)
    0x08000318   0x08000318   0x0000014e   Code   RO         9891    .text               mf_w.l(dadd.o)
    0x08000466   0x08000466   0x000000e4   Code   RO         9893    .text               mf_w.l(dmul.o)
    0x0800054a   0x0800054a   0x00000026   Code   RO         9895    .text               mf_w.l(f2d.o)
    0x08000570   0x08000570   0x00000038   Code   RO         9897    .text               mf_w.l(d2f.o)
    0x080005a8   0x080005a8   0x0000001e   Code   RO         9946    .text               mc_w.l(llshl.o)
    0x080005c6   0x080005c6   0x00000024   Code   RO         9948    .text               mc_w.l(llsshr.o)
    0x080005ea   0x080005ea   0x00000000   Code   RO         9959    .text               mc_w.l(iusefp.o)
    0x080005ea   0x080005ea   0x0000006e   Code   RO         9960    .text               mf_w.l(fepilogue.o)
    0x08000658   0x08000658   0x000000ba   Code   RO         9962    .text               mf_w.l(depilogue.o)
    0x08000712   0x08000712   0x000000de   Code   RO         9964    .text               mf_w.l(ddiv.o)
    0x080007f0   0x080007f0   0x00000024   Code   RO         9982    .text               mc_w.l(init.o)
    0x08000814   0x08000814   0x00000020   Code   RO         9984    .text               mc_w.l(llushr.o)
    0x08000834   0x08000834   0x00000022   Code   RO         9986    .text               mf_w.l(dflti.o)
    0x08000856   0x08000856   0x0000001a   Code   RO         9988    .text               mf_w.l(dfltui.o)
    0x08000870   0x08000870   0x0000003e   Code   RO         9990    .text               mf_w.l(dfixi.o)
    0x080008ae   0x080008ae   0x00000056   Code   RO        10000    .text               mc_w.l(__dczerorl2.o)
    0x08000904   0x08000904   0x00000030   Code   RO         1806    i.Append_CRC16_Check_Sum  mc01_judgesystem.o
    0x08000934   0x08000934   0x000000d8   Code   RO         1061    i.BulletCatcher_Init  bulletcatcher_control.o
    0x08000a0c   0x08000a0c   0x00000104   Code   RO         1062    i.BulletCatcher_begin  bulletcatcher_control.o
    0x08000b10   0x08000b10   0x00000074   Code   RO         1063    i.BulletCatcher_close  bulletcatcher_control.o
    0x08000b84   0x08000b84   0x0000001c   Code   RO         1064    i.BulletCatcher_decide  bulletcatcher_control.o
    0x08000ba0   0x08000ba0   0x000001f0   Code   RO         1065    i.BulletCatcher_lootProcessing  bulletcatcher_control.o
    0x08000d90   0x08000d90   0x000000cc   Code   RO         1066    i.BulletCatcher_move  bulletcatcher_control.o
    0x08000e5c   0x08000e5c   0x00000088   Code   RO         1067    i.BulletCatcher_open  bulletcatcher_control.o
    0x08000ee4   0x08000ee4   0x000004e0   Code   RO         1068    i.BulletCatcher_processing  bulletcatcher_control.o
    0x080013c4   0x080013c4   0x00000188   Code   RO         1069    i.BulletCatcher_resetAngle  bulletcatcher_control.o
    0x0800154c   0x0800154c   0x00000100   Code   RO         1070    i.BulletCatcher_resetPosition  bulletcatcher_control.o
    0x0800164c   0x0800164c   0x00000054   Code   RO         1071    i.BulletCatcher_setM3508Current  bulletcatcher_control.o
    0x080016a0   0x080016a0   0x0000000c   Code   RO         1072    i.BulletCatcher_setMode  bulletcatcher_control.o
    0x080016ac   0x080016ac   0x00000084   Code   RO         1073    i.BulletCatcher_setPosition  bulletcatcher_control.o
    0x08001730   0x08001730   0x00000024   Code   RO         1074    i.BulletCatcher_setSpeed  bulletcatcher_control.o
    0x08001754   0x08001754   0x00000084   Code   RO         1075    i.BulletCatcher_setTargetAngle  bulletcatcher_control.o
    0x080017d8   0x080017d8   0x00000138   Code   RO         1078    i.BulletCatcher_threeProcessing  bulletcatcher_control.o
    0x08001910   0x08001910   0x00000078   Code   RO         1080    i.BulletCatcher_writeBank  bulletcatcher_control.o
    0x08001988   0x08001988   0x00000004   Code   RO            4    i.BusFault_Handler  stm32f4xx_it.o
    0x0800198c   0x0800198c   0x0000000e   Code   RO         1991    i.Buzzer_Init       buzzer.o
    0x0800199a   0x0800199a   0x00000002   PAD
    0x0800199c   0x0800199c   0x00000018   Code   RO         1992    i.Buzzer_OFF        buzzer.o
    0x080019b4   0x080019b4   0x00000048   Code   RO         1993    i.Buzzer_play       buzzer.o
    0x080019fc   0x080019fc   0x0000006c   Code   RO         1994    i.Buzzer_setTone    buzzer.o
    0x08001a68   0x08001a68   0x000000e8   Code   RO         2126    i.CAN1_QuickInit    can.o
    0x08001b50   0x08001b50   0x00000058   Code   RO            5    i.CAN1_RX0_IRQHandler  stm32f4xx_it.o
    0x08001ba8   0x08001ba8   0x000000ec   Code   RO         2127    i.CAN2_QuickInit    can.o
    0x08001c94   0x08001c94   0x00000058   Code   RO            6    i.CAN2_RX0_IRQHandler  stm32f4xx_it.o
    0x08001cec   0x08001cec   0x000000a8   Code   RO         3985    i.CAN_ClearITPendingBit  stm32f4xx_can.o
    0x08001d94   0x08001d94   0x00000108   Code   RO         3989    i.CAN_FilterInit    stm32f4xx_can.o
    0x08001e9c   0x08001e9c   0x00000120   Code   RO         3991    i.CAN_GetITStatus   stm32f4xx_can.o
    0x08001fbc   0x08001fbc   0x00000012   Code   RO         3995    i.CAN_ITConfig      stm32f4xx_can.o
    0x08001fce   0x08001fce   0x00000114   Code   RO         3996    i.CAN_Init          stm32f4xx_can.o
    0x080020e2   0x080020e2   0x000000f0   Code   RO         3999    i.CAN_Receive       stm32f4xx_can.o
    0x080021d2   0x080021d2   0x00000002   PAD
    0x080021d4   0x080021d4   0x00000070   Code   RO         2128    i.CAN_SendData      can.o
    0x08002244   0x08002244   0x00000126   Code   RO         4004    i.CAN_Transmit      stm32f4xx_can.o
    0x0800236a   0x0800236a   0x00000002   PAD
    0x0800236c   0x0800236c   0x000000c8   Code   RO          702    i.CanTaskCreate     canmsg_task.o
    0x08002434   0x08002434   0x00000060   Code   RO         1206    i.Chassis_Init      chassis_control.o
    0x08002494   0x08002494   0x00000310   Code   RO         1208    i.Chassis_processing  chassis_control.o
    0x080027a4   0x080027a4   0x00000054   Code   RO         1209    i.Chassis_setM3508Current  chassis_control.o
    0x080027f8   0x080027f8   0x0000000c   Code   RO         1210    i.Chassis_setMode   chassis_control.o
    0x08002804   0x08002804   0x00000010   Code   RO         1211    i.Chassis_setOffset  chassis_control.o
    0x08002814   0x08002814   0x00000018   Code   RO         1212    i.Chassis_setSpeed  chassis_control.o
    0x0800282c   0x0800282c   0x00000012   Code   RO         4007    i.CheckITStatus     stm32f4xx_can.o
    0x0800283e   0x0800283e   0x00000002   PAD
    0x08002840   0x08002840   0x00000028   Code   RO         1393    i.Cloud_getYawAngleWithCenter  cloud_control.o
    0x08002868   0x08002868   0x00000218   Code   RO          586    i.Control_KeyHandle  command_task.o
    0x08002a80   0x08002a80   0x00000050   Code   RO          587    i.Control_combineKeyScan  command_task.o
    0x08002ad0   0x08002ad0   0x00000180   Code   RO          588    i.Control_notCombineKeyHandle  command_task.o
    0x08002c50   0x08002c50   0x00000016   Code   RO         4764    i.DMA_Cmd           stm32f4xx_dma.o
    0x08002c66   0x08002c66   0x00000002   PAD
    0x08002c68   0x08002c68   0x00000158   Code   RO         4765    i.DMA_DeInit        stm32f4xx_dma.o
    0x08002dc0   0x08002dc0   0x00000014   Code   RO         4769    i.DMA_GetCmdStatus  stm32f4xx_dma.o
    0x08002dd4   0x08002dd4   0x00000008   Code   RO         4770    i.DMA_GetCurrDataCounter  stm32f4xx_dma.o
    0x08002ddc   0x08002ddc   0x00000058   Code   RO         4776    i.DMA_Init          stm32f4xx_dma.o
    0x08002e34   0x08002e34   0x00000004   Code   RO         4779    i.DMA_SetCurrDataCounter  stm32f4xx_dma.o
    0x08002e38   0x08002e38   0x00000034   Code   RO         1739    i.DR16_KeyProcessing  dr16_receiver.o
    0x08002e6c   0x08002e6c   0x00000184   Code   RO         1740    i.DR16_dataProcess  dr16_receiver.o
    0x08002ff0   0x08002ff0   0x0000008a   Code   RO         1741    i.DR16_keyBoardProcess  dr16_receiver.o
    0x0800307a   0x0800307a   0x00000080   Code   RO         1742    i.DR16_mouseProcess  dr16_receiver.o
    0x080030fa   0x080030fa   0x00000002   PAD
    0x080030fc   0x080030fc   0x0000001c   Code   RO         1743    i.DR16_receiverInit  dr16_receiver.o
    0x08003118   0x08003118   0x00000010   Code   RO         2063    i.DYMX64AT_Init     dynamixelservo.o
    0x08003128   0x08003128   0x000000f8   Code   RO         2065    i.DYMX64AT_setSyncTarAng  dynamixelservo.o
    0x08003220   0x08003220   0x00000002   Code   RO            7    i.DebugMon_Handler  stm32f4xx_it.o
    0x08003222   0x08003222   0x00000002   PAD
    0x08003224   0x08003224   0x000001a4   Code   RO         1464    i.DevicesMonitor_update  devicesmonitor.o
    0x080033c8   0x080033c8   0x0000001a   Code   RO          842    i.Filter_IIRLPF     filter.o
    0x080033e2   0x080033e2   0x00000002   PAD
    0x080033e4   0x080033e4   0x0000001c   Code   RO         1931    i.GAS8_resetBits    gas_8.o
    0x08003400   0x08003400   0x0000002c   Code   RO         1932    i.GAS8_sendData     gas_8.o
    0x0800342c   0x0800342c   0x0000001c   Code   RO         1933    i.GAS8_setBits      gas_8.o
    0x08003448   0x08003448   0x00000090   Code   RO         5609    i.GPIO_Init         stm32f4xx_gpio.o
    0x080034d8   0x080034d8   0x00000046   Code   RO         5610    i.GPIO_PinAFConfig  stm32f4xx_gpio.o
    0x0800351e   0x0800351e   0x00000012   Code   RO         5613    i.GPIO_ReadInputDataBit  stm32f4xx_gpio.o
    0x08003530   0x08003530   0x00000008   Code   RO         5619    i.GPIO_ToggleBits   stm32f4xx_gpio.o
    0x08003538   0x08003538   0x0000000a   Code   RO         5621    i.GPIO_WriteBit     stm32f4xx_gpio.o
    0x08003542   0x08003542   0x00000024   Code   RO         1025    i.GY_IMU_Checksum   gy_imu.o
    0x08003566   0x08003566   0x00000002   PAD
    0x08003568   0x08003568   0x000001d0   Code   RO         1027    i.GY_IMU_getInfo    gy_imu.o
    0x08003738   0x08003738   0x00000034   Code   RO         1808    i.Get_CRC16_Check_Sum  mc01_judgesystem.o
    0x0800376c   0x0800376c   0x00000024   Code   RO         1809    i.Get_CRC8_Check_Sum  mc01_judgesystem.o
    0x08003790   0x08003790   0x00000048   Code   RO         2033    i.Hall_IO_Init      hall_io.o
    0x080037d8   0x080037d8   0x00000004   Code   RO            8    i.HardFault_Handler  stm32f4xx_it.o
    0x080037dc   0x080037dc   0x00000018   Code   RO         1810    i.JudgeSystem_Init  mc01_judgesystem.o
    0x080037f4   0x080037f4   0x000002b0   Code   RO         1811    i.Judge_getInfo     mc01_judgesystem.o
    0x08003aa4   0x08003aa4   0x00000020   Code   RO         1812    i.Judge_getRobotCommInfo  mc01_judgesystem.o
    0x08003ac4   0x08003ac4   0x000000c0   Code   RO         1813    i.Judge_sendDataToClient  mc01_judgesystem.o
    0x08003b84   0x08003b84   0x00000078   Code   RO         1596    i.LED_Init          led.o
    0x08003bfc   0x08003bfc   0x00000054   Code   RO         1278    i.Lift_setM3508Current  lifting_control.o
    0x08003c50   0x08003c50   0x00000088   Code   RO         1279    i.Lifting_Init      lifting_control.o
    0x08003cd8   0x08003cd8   0x000003a0   Code   RO         1280    i.Lifting_processing  lifting_control.o
    0x08004078   0x08004078   0x0000000c   Code   RO         1281    i.Lifting_setMode   lifting_control.o
    0x08004084   0x08004084   0x00000090   Code   RO         1282    i.Lifting_setPosition  lifting_control.o
    0x08004114   0x08004114   0x00000012   Code   RO         1667    i.M3508_clearTurnCounter  m3508_motor.o
    0x08004126   0x08004126   0x00000002   PAD
    0x08004128   0x08004128   0x00000088   Code   RO         1668    i.M3508_getInfo     m3508_motor.o
    0x080041b0   0x080041b0   0x00000074   Code   RO         1699    i.M6623_getInfo     m6623_motor.o
    0x08004224   0x08004224   0x00000094   Code   RO         1554    i.Magazine_Close    magazine_control.o
    0x080042b8   0x080042b8   0x00000078   Code   RO         1555    i.Magazine_Open     magazine_control.o
    0x08004330   0x08004330   0x0000000c   Code   RO         1556    i.Magazine_processing  magazine_control.o
    0x0800433c   0x0800433c   0x00000304   Code   RO         1213    i.MecanumCalculate  chassis_control.o
    0x08004640   0x08004640   0x00000004   Code   RO            9    i.MemManage_Handler  stm32f4xx_it.o
    0x08004644   0x08004644   0x00000002   Code   RO           10    i.NMI_Handler       stm32f4xx_it.o
    0x08004646   0x08004646   0x00000028   Code   RO         2557    i.NVIC_Config       nvic.o
    0x0800466e   0x0800466e   0x00000002   PAD
    0x08004670   0x08004670   0x00000078   Code   RO         3689    i.NVIC_Init         misc.o
    0x080046e8   0x080046e8   0x00000014   Code   RO         3690    i.NVIC_PriorityGroupConfig  misc.o
    0x080046fc   0x080046fc   0x0000002c   Code   RO         2034    i.Photogate_IO_Init  hall_io.o
    0x08004728   0x08004728   0x00000048   Code   RO          781    i.PositionPID_paraReset  pid.o
    0x08004770   0x08004770   0x0000013e   Code   RO          783    i.Position_PID      pid.o
    0x080048ae   0x080048ae   0x00000002   PAD
    0x080048b0   0x080048b0   0x00000020   Code   RO         6547    i.RCC_AHB1PeriphClockCmd  stm32f4xx_rcc.o
    0x080048d0   0x080048d0   0x00000020   Code   RO         6556    i.RCC_APB1PeriphClockCmd  stm32f4xx_rcc.o
    0x080048f0   0x080048f0   0x00000020   Code   RO         6559    i.RCC_APB2PeriphClockCmd  stm32f4xx_rcc.o
    0x08004910   0x08004910   0x000000e8   Code   RO         6568    i.RCC_GetClocksFreq  stm32f4xx_rcc.o
    0x080049f8   0x080049f8   0x00000016   Code   RO         1488    i.Robot_Disability  robot_control.o
    0x08004a0e   0x08004a0e   0x00000016   Code   RO         1489    i.Robot_Enable      robot_control.o
    0x08004a24   0x08004a24   0x00000098   Code   RO         8831    i.SEGGER_RTT_ReadNoLock  segger_rtt.o
    0x08004abc   0x08004abc   0x000000b0   Code   RO         8841    i.SEGGER_RTT_WriteSkipNoLock  segger_rtt.o
    0x08004b6c   0x08004b6c   0x000000bc   Code   RO         9024    i.SEGGER_SYSVIEW_GetSysDesc  segger_sysview.o
    0x08004c28   0x08004c28   0x00000034   Code   RO         9028    i.SEGGER_SYSVIEW_OnIdle  segger_sysview.o
    0x08004c5c   0x08004c5c   0x00000064   Code   RO         9029    i.SEGGER_SYSVIEW_OnTaskCreate  segger_sysview.o
    0x08004cc0   0x08004cc0   0x00000064   Code   RO         9030    i.SEGGER_SYSVIEW_OnTaskStartExec  segger_sysview.o
    0x08004d24   0x08004d24   0x00000064   Code   RO         9031    i.SEGGER_SYSVIEW_OnTaskStartReady  segger_sysview.o
    0x08004d88   0x08004d88   0x0000003c   Code   RO         9051    i.SEGGER_SYSVIEW_RecordSystime  segger_sysview.o
    0x08004dc4   0x08004dc4   0x0000005c   Code   RO         9052    i.SEGGER_SYSVIEW_RecordU32  segger_sysview.o
    0x08004e20   0x08004e20   0x0000007c   Code   RO         9054    i.SEGGER_SYSVIEW_RecordU32x2  segger_sysview.o
    0x08004e9c   0x08004e9c   0x00000098   Code   RO         9055    i.SEGGER_SYSVIEW_RecordU32x3  segger_sysview.o
    0x08004f34   0x08004f34   0x000000b8   Code   RO         9056    i.SEGGER_SYSVIEW_RecordU32x4  segger_sysview.o
    0x08004fec   0x08004fec   0x00000038   Code   RO         9062    i.SEGGER_SYSVIEW_RecordVoid  segger_sysview.o
    0x08005024   0x08005024   0x000000ac   Code   RO         9064    i.SEGGER_SYSVIEW_SendModule  segger_sysview.o
    0x080050d0   0x080050d0   0x00000024   Code   RO         9065    i.SEGGER_SYSVIEW_SendModuleDescription  segger_sysview.o
    0x080050f4   0x080050f4   0x00000058   Code   RO         9066    i.SEGGER_SYSVIEW_SendNumModules  segger_sysview.o
    0x0800514c   0x0800514c   0x00000110   Code   RO         9069    i.SEGGER_SYSVIEW_SendTaskInfo  segger_sysview.o
    0x0800525c   0x0800525c   0x00000020   Code   RO         9070    i.SEGGER_SYSVIEW_SendTaskList  segger_sysview.o
    0x0800527c   0x0800527c   0x00000010   Code   RO         9072    i.SEGGER_SYSVIEW_ShrinkId  segger_sysview.o
    0x0800528c   0x0800528c   0x00000104   Code   RO         9073    i.SEGGER_SYSVIEW_Start  segger_sysview.o
    0x08005390   0x08005390   0x00000044   Code   RO         9074    i.SEGGER_SYSVIEW_Stop  segger_sysview.o
    0x080053d4   0x080053d4   0x00000080   Code   RO         9075    i.SEGGER_SYSVIEW_Warn  segger_sysview.o
    0x08005454   0x08005454   0x000000ac   Code   RO         8751    i.SYSVIEW_AddTask   segger_sysview_freertos.o
    0x08005500   0x08005500   0x00000110   Code   RO         8752    i.SYSVIEW_DeleteTask  segger_sysview_freertos.o
    0x08005610   0x08005610   0x00000032   Code   RO         8753    i.SYSVIEW_SendTaskInfo  segger_sysview_freertos.o
    0x08005642   0x08005642   0x00000002   PAD
    0x08005644   0x08005644   0x00000120   Code   RO         9518    i.SetSysClock       system_stm32f4xx.o
    0x08005764   0x08005764   0x00000010   Code   RO           11    i.SysTick_Handler   stm32f4xx_it.o
    0x08005774   0x08005774   0x00000068   Code   RO         9520    i.SystemInit        system_stm32f4xx.o
    0x080057dc   0x080057dc   0x00000040   Code   RO         2266    i.TIM12_GPIOInit    tim.o
    0x0800581c   0x0800581c   0x0000006c   Code   RO         2267    i.TIM12_PWMOutput   tim.o
    0x08005888   0x08005888   0x00000040   Code   RO           12    i.TIM6_DAC_IRQHandler  stm32f4xx_it.o
    0x080058c8   0x080058c8   0x00000030   Code   RO           13    i.TIM7_IRQHandler   stm32f4xx_it.o
    0x080058f8   0x080058f8   0x00000006   Code   RO         7941    i.TIM_ClearITPendingBit  stm32f4xx_tim.o
    0x080058fe   0x080058fe   0x00000018   Code   RO         7946    i.TIM_Cmd           stm32f4xx_tim.o
    0x08005916   0x08005916   0x00000022   Code   RO         7967    i.TIM_GetITStatus   stm32f4xx_tim.o
    0x08005938   0x08005938   0x0000007c   Code   RO         7975    i.TIM_OC1Init       stm32f4xx_tim.o
    0x080059b4   0x080059b4   0x00000004   Code   RO         8006    i.TIM_SetAutoreload  stm32f4xx_tim.o
    0x080059b8   0x080059b8   0x00000004   Code   RO         8008    i.TIM_SetCompare1   stm32f4xx_tim.o
    0x080059bc   0x080059bc   0x00000004   Code   RO         8009    i.TIM_SetCompare2   stm32f4xx_tim.o
    0x080059c0   0x080059c0   0x00000004   Code   RO         8010    i.TIM_SetCompare3   stm32f4xx_tim.o
    0x080059c4   0x080059c4   0x00000004   Code   RO         8011    i.TIM_SetCompare4   stm32f4xx_tim.o
    0x080059c8   0x080059c8   0x00000084   Code   RO         8018    i.TIM_TimeBaseInit  stm32f4xx_tim.o
    0x08005a4c   0x08005a4c   0x00000058   Code   RO           14    i.USART1_IRQHandler  stm32f4xx_it.o
    0x08005aa4   0x08005aa4   0x000000a4   Code   RO         2163    i.USART1_QuickInit  usart.o
    0x08005b48   0x08005b48   0x0000008c   Code   RO         2164    i.USART1_RXDMA_Config  usart.o
    0x08005bd4   0x08005bd4   0x00000044   Code   RO           15    i.USART2_IRQHandler  stm32f4xx_it.o
    0x08005c18   0x08005c18   0x000000a4   Code   RO         2165    i.USART2_QuickInit  usart.o
    0x08005cbc   0x08005cbc   0x0000005c   Code   RO           16    i.USART3_IRQHandler  stm32f4xx_it.o
    0x08005d18   0x08005d18   0x00000054   Code   RO           17    i.USART6_IRQHandler  stm32f4xx_it.o
    0x08005d6c   0x08005d6c   0x000000a4   Code   RO         2169    i.USART6_QuickInit  usart.o
    0x08005e10   0x08005e10   0x0000008c   Code   RO         2170    i.USART6_RXDMA_Config  usart.o
    0x08005e9c   0x08005e9c   0x00000018   Code   RO         8500    i.USART_Cmd         stm32f4xx_usart.o
    0x08005eb4   0x08005eb4   0x00000012   Code   RO         8501    i.USART_DMACmd      stm32f4xx_usart.o
    0x08005ec6   0x08005ec6   0x0000001a   Code   RO         8503    i.USART_GetFlagStatus  stm32f4xx_usart.o
    0x08005ee0   0x08005ee0   0x00000054   Code   RO         8504    i.USART_GetITStatus  stm32f4xx_usart.o
    0x08005f34   0x08005f34   0x0000004a   Code   RO         8506    i.USART_ITConfig    stm32f4xx_usart.o
    0x08005f7e   0x08005f7e   0x00000002   PAD
    0x08005f80   0x08005f80   0x000000d4   Code   RO         8507    i.USART_Init        stm32f4xx_usart.o
    0x08006054   0x08006054   0x00000008   Code   RO         8517    i.USART_SendData    stm32f4xx_usart.o
    0x0800605c   0x0800605c   0x0000001e   Code   RO         2171    i.USART_sendChar    usart.o
    0x0800607a   0x0800607a   0x0000000c   Code   RO         1338    i.UpperStructure_Init  upperstructure.o
    0x08006086   0x08006086   0x00000002   PAD
    0x08006088   0x08006088   0x00000030   Code   RO         1339    i.UpperStructure_M3508executeAngle  upperstructure.o
    0x080060b8   0x080060b8   0x00000038   Code   RO         1340    i.UpperStructure_close  upperstructure.o
    0x080060f0   0x080060f0   0x00000050   Code   RO         1341    i.UpperStructure_open  upperstructure.o
    0x08006140   0x08006140   0x0000001c   Code   RO         1342    i.UpperStructure_processing  upperstructure.o
    0x0800615c   0x0800615c   0x00000004   Code   RO           18    i.UsageFault_Handler  stm32f4xx_it.o
    0x08006160   0x08006160   0x00000050   Code   RO         1816    i.Verify_CRC16_Check_Sum  mc01_judgesystem.o
    0x080061b0   0x080061b0   0x00000070   Code   RO         8844    i._DoInit           segger_rtt.o
    0x08006220   0x08006220   0x00000044   Code   RO         9079    i._EncodeStr        segger_sysview.o
    0x08006264   0x08006264   0x00000098   Code   RO         9080    i._HandleIncomingPacket  segger_sysview.o
    0x080062fc   0x080062fc   0x00000006   Code   RO         9081    i._PreparePacket    segger_sysview.o
    0x08006302   0x08006302   0x00000002   PAD
    0x08006304   0x08006304   0x0000011c   Code   RO         9084    i._SendPacket       segger_sysview.o
    0x08006420   0x08006420   0x00000084   Code   RO         9086    i._TrySendOverflowPacket  segger_sysview.o
    0x080064a4   0x080064a4   0x00000030   Code   RO         9978    i.__ARM_fpclassify  m_wm.l(fpclassify.o)
    0x080064d4   0x080064d4   0x00000004   PAD
    0x080064d8   0x080064d8   0x000000c8   Code   RO         9563    i.__hardfp_cos      m_wm.l(cos.o)
    0x080065a0   0x080065a0   0x000000c8   Code   RO         9575    i.__hardfp_sin      m_wm.l(sin.o)
    0x08006668   0x08006668   0x00000438   Code   RO         9916    i.__ieee754_rem_pio2  m_wm.l(rred.o)
    0x08006aa0   0x08006aa0   0x00000170   Code   RO         9899    i.__kernel_cos      m_wm.l(cos_i.o)
    0x08006c10   0x08006c10   0x000000f8   Code   RO         9980    i.__kernel_poly     m_wm.l(poly.o)
    0x08006d08   0x08006d08   0x00000130   Code   RO         9921    i.__kernel_sin      m_wm.l(sin_i.o)
    0x08006e38   0x08006e38   0x00000014   Code   RO         9903    i.__mathlib_dbl_infnan  m_wm.l(dunder.o)
    0x08006e4c   0x08006e4c   0x00000004   PAD
    0x08006e50   0x08006e50   0x00000020   Code   RO         9905    i.__mathlib_dbl_invalid  m_wm.l(dunder.o)
    0x08006e70   0x08006e70   0x00000020   Code   RO         9908    i.__mathlib_dbl_underflow  m_wm.l(dunder.o)
    0x08006e90   0x08006e90   0x0000000e   Code   RO         9994    i.__scatterload_copy  mc_w.l(handlers.o)
    0x08006e9e   0x08006e9e   0x00000002   Code   RO         9995    i.__scatterload_null  mc_w.l(handlers.o)
    0x08006ea0   0x08006ea0   0x0000000e   Code   RO         9996    i.__scatterload_zeroinit  mc_w.l(handlers.o)
    0x08006eae   0x08006eae   0x00000002   PAD
    0x08006eb0   0x08006eb0   0x0000000c   Code   RO         9954    i.__set_errno       mc_w.l(errno.o)
    0x08006ebc   0x08006ebc   0x0000002e   Code   RO          784    i.abs_limit         pid.o
    0x08006eea   0x08006eea   0x00000018   Code   RO         2581    i.delay_ms          delay.o
    0x08006f02   0x08006f02   0x00000002   PAD
    0x08006f04   0x08006f04   0x00000030   Code   RO         2582    i.delay_us          delay.o
    0x08006f34   0x08006f34   0x00000024   Code   RO         1744    i.dr16_keyboard_isJumpKeyPressed  dr16_receiver.o
    0x08006f58   0x08006f58   0x00000020   Code   RO         1745    i.dr16_keyboard_isPressedKey  dr16_receiver.o
    0x08006f78   0x08006f78   0x00000018   Code   RO         9974    i.fabs              m_wm.l(fabs.o)
    0x08006f90   0x08006f90   0x00000050   Code   RO         9863    i.free              mc_w.l(malloc.o)
    0x08006fe0   0x08006fe0   0x00000098   Code   RO          405    i.main              main.o
    0x08007078   0x08007078   0x0000006c   Code   RO         9864    i.malloc            mc_w.l(malloc.o)
    0x080070e4   0x080070e4   0x00000098   Code   RO         3234    i.prvAddCurrentTaskToDelayedList  tasks.o
    0x0800717c   0x0800717c   0x000000d8   Code   RO         3235    i.prvAddNewTaskToReadyList  tasks.o
    0x08007254   0x08007254   0x00000064   Code   RO         3562    i.prvCheckForValidListAndQueue  timers.o
    0x080072b8   0x080072b8   0x00000048   Code   RO         3236    i.prvCheckTasksWaitingTermination  tasks.o
    0x08007300   0x08007300   0x0000002a   Code   RO         2912    i.prvCopyDataFromQueue  queue.o
    0x0800732a   0x0800732a   0x0000007e   Code   RO         2913    i.prvCopyDataToQueue  queue.o
    0x080073a8   0x080073a8   0x00000012   Code   RO         3237    i.prvDeleteTCB      tasks.o
    0x080073ba   0x080073ba   0x00000002   PAD
    0x080073bc   0x080073bc   0x00000028   Code   RO         3563    i.prvGetNextExpireTime  timers.o
    0x080073e4   0x080073e4   0x0000007c   Code   RO         2710    i.prvHeapInit       heap_4.o
    0x08007460   0x08007460   0x00000008   Code   RO         3238    i.prvIdleTask       tasks.o
    0x08007468   0x08007468   0x00000032   Code   RO         2916    i.prvInitialiseNewQueue  queue.o
    0x0800749a   0x0800749a   0x00000086   Code   RO         3239    i.prvInitialiseNewTask  tasks.o
    0x08007520   0x08007520   0x00000068   Code   RO         3240    i.prvInitialiseTaskLists  tasks.o
    0x08007588   0x08007588   0x00000068   Code   RO         2711    i.prvInsertBlockIntoFreeList  heap_4.o
    0x080075f0   0x080075f0   0x00000058   Code   RO         3565    i.prvInsertTimerInActiveList  timers.o
    0x08007648   0x08007648   0x0000001a   Code   RO         2917    i.prvIsQueueEmpty   queue.o
    0x08007662   0x08007662   0x0000001e   Code   RO         2918    i.prvIsQueueFull    queue.o
    0x08007680   0x08007680   0x0000004c   Code   RO         3566    i.prvProcessExpiredTimer  timers.o
    0x080076cc   0x080076cc   0x000000bc   Code   RO         3567    i.prvProcessReceivedCommands  timers.o
    0x08007788   0x08007788   0x00000074   Code   RO         3568    i.prvProcessTimerOrBlockTask  timers.o
    0x080077fc   0x080077fc   0x00000034   Code   RO         3241    i.prvResetNextTaskUnblockTime  tasks.o
    0x08007830   0x08007830   0x0000002c   Code   RO         3569    i.prvSampleTimeNow  timers.o
    0x0800785c   0x0800785c   0x00000084   Code   RO         3570    i.prvSwitchTimerLists  timers.o
    0x080078e0   0x080078e0   0x00000016   Code   RO         2609    i.prvTaskExitError  port.o
    0x080078f6   0x080078f6   0x00000002   PAD
    0x080078f8   0x080078f8   0x00000040   Code   RO         3242    i.prvTaskIsTaskSuspended  tasks.o
    0x08007938   0x08007938   0x0000001e   Code   RO         2792    i.prvTestWaitCondition  event_groups.o
    0x08007956   0x08007956   0x0000001a   Code   RO         3571    i.prvTimerTask      timers.o
    0x08007970   0x08007970   0x0000007e   Code   RO         2919    i.prvUnlockQueue    queue.o
    0x080079ee   0x080079ee   0x00000002   PAD
    0x080079f0   0x080079f0   0x000000d0   Code   RO         2712    i.pvPortMalloc      heap_4.o
    0x08007ac0   0x08007ac0   0x0000002c   Code   RO         2610    i.pxPortInitialiseStack  port.o
    0x08007aec   0x08007aec   0x00000040   Code   RO          992    i.ramp_calc         ramp.o
    0x08007b2c   0x08007b2c   0x00000008   Code   RO          993    i.ramp_init         ramp.o
    0x08007b34   0x08007b34   0x00000028   Code   RO         2875    i.uxListRemove      list.o
    0x08007b5c   0x08007b5c   0x0000001c   Code   RO         3248    i.uxTaskResetEventItemValue  tasks.o
    0x08007b78   0x08007b78   0x0000001a   Code   RO         2876    i.vListInitialise   list.o
    0x08007b92   0x08007b92   0x00000006   Code   RO         2877    i.vListInitialiseItem  list.o
    0x08007b98   0x08007b98   0x00000034   Code   RO         2878    i.vListInsert       list.o
    0x08007bcc   0x08007bcc   0x00000018   Code   RO         2879    i.vListInsertEnd    list.o
    0x08007be4   0x08007be4   0x00000024   Code   RO         2612    i.vPortEnterCritical  port.o
    0x08007c08   0x08007c08   0x00000020   Code   RO         2613    i.vPortExitCritical  port.o
    0x08007c28   0x08007c28   0x00000048   Code   RO         2713    i.vPortFree         heap_4.o
    0x08007c70   0x08007c70   0x00000028   Code   RO         2614    i.vPortSetupTimerInterrupt  port.o
    0x08007c98   0x08007c98   0x00000044   Code   RO         2923    i.vQueueAddToRegistry  queue.o
    0x08007cdc   0x08007cdc   0x0000004a   Code   RO         2926    i.vQueueWaitForMessageRestricted  queue.o
    0x08007d26   0x08007d26   0x00000002   PAD
    0x08007d28   0x08007d28   0x0000008c   Code   RO          703    i.vTaskCan1Receive  canmsg_task.o
    0x08007db4   0x08007db4   0x00000090   Code   RO          704    i.vTaskCan2Receive  canmsg_task.o
    0x08007e44   0x08007e44   0x0000003c   Code   RO          705    i.vTaskCanSend      canmsg_task.o
    0x08007e80   0x08007e80   0x00000044   Code   RO          642    i.vTaskChassis      chassis_task.o
    0x08007ec4   0x08007ec4   0x000003e4   Code   RO          589    i.vTaskCommand      command_task.o
    0x080082a8   0x080082a8   0x0000003c   Code   RO         3249    i.vTaskDelay        tasks.o
    0x080082e4   0x080082e4   0x00000078   Code   RO         3250    i.vTaskDelayUntil   tasks.o
    0x0800835c   0x0800835c   0x000000e0   Code   RO         3251    i.vTaskDelete       tasks.o
    0x0800843c   0x0800843c   0x00000040   Code   RO          672    i.vTaskDevicesMonitor  devicesmonitor_tasks.o
    0x0800847c   0x0800847c   0x00000018   Code   RO         3253    i.vTaskInternalSetTimeOutState  tasks.o
    0x08008494   0x08008494   0x0000000c   Code   RO         3254    i.vTaskMissedYield  tasks.o
    0x080084a0   0x080084a0   0x00000020   Code   RO         3256    i.vTaskPlaceOnEventList  tasks.o
    0x080084c0   0x080084c0   0x00000030   Code   RO         3257    i.vTaskPlaceOnEventListRestricted  tasks.o
    0x080084f0   0x080084f0   0x0000002c   Code   RO         3258    i.vTaskPlaceOnUnorderedEventList  tasks.o
    0x0800851c   0x0800851c   0x0000001c   Code   RO          747    i.vTaskPlayRoom     playroom_task.o
    0x08008538   0x08008538   0x00000068   Code   RO         3261    i.vTaskRemoveFromUnorderedEventList  tasks.o
    0x080085a0   0x080085a0   0x00000090   Code   RO         3262    i.vTaskResume       tasks.o
    0x08008630   0x08008630   0x00000090   Code   RO         3264    i.vTaskStartScheduler  tasks.o
    0x080086c0   0x080086c0   0x000000dc   Code   RO         3265    i.vTaskSuspend      tasks.o
    0x0800879c   0x0800879c   0x00000010   Code   RO         3266    i.vTaskSuspendAll   tasks.o
    0x080087ac   0x080087ac   0x00000088   Code   RO         3267    i.vTaskSwitchContext  tasks.o
    0x08008834   0x08008834   0x00000158   Code   RO          497    i.vTaskSystemInit   systeminit_tasks.o
    0x0800898c   0x0800898c   0x0000002c   Code   RO          556    i.vTaskUpperStructure  upperstructure_task.o
    0x080089b8   0x080089b8   0x0000001a   Code   RO         2797    i.xEventGroupCreate  event_groups.o
    0x080089d2   0x080089d2   0x00000092   Code   RO         2799    i.xEventGroupSetBits  event_groups.o
    0x08008a64   0x08008a64   0x000000cc   Code   RO         2801    i.xEventGroupWaitBits  event_groups.o
    0x08008b30   0x08008b30   0x00000048   Code   RO         2615    i.xPortStartScheduler  port.o
    0x08008b78   0x08008b78   0x00000034   Code   RO         2616    i.xPortSysTickHandler  port.o
    0x08008bac   0x08008bac   0x0000003a   Code   RO         2928    i.xQueueGenericCreate  queue.o
    0x08008be6   0x08008be6   0x00000002   PAD
    0x08008be8   0x08008be8   0x00000080   Code   RO         2929    i.xQueueGenericReset  queue.o
    0x08008c68   0x08008c68   0x0000015c   Code   RO         2930    i.xQueueGenericSend  queue.o
    0x08008dc4   0x08008dc4   0x000000aa   Code   RO         2931    i.xQueueGenericSendFromISR  queue.o
    0x08008e6e   0x08008e6e   0x00000002   PAD
    0x08008e70   0x08008e70   0x00000164   Code   RO         2937    i.xQueueReceive     queue.o
    0x08008fd4   0x08008fd4   0x0000005c   Code   RO         3268    i.xTaskCheckForTimeOut  tasks.o
    0x08009030   0x08009030   0x00000060   Code   RO         3269    i.xTaskCreate       tasks.o
    0x08009090   0x08009090   0x00000020   Code   RO         3274    i.xTaskGetSchedulerState  tasks.o
    0x080090b0   0x080090b0   0x0000000c   Code   RO         3275    i.xTaskGetTickCount  tasks.o
    0x080090bc   0x080090bc   0x00000120   Code   RO         3277    i.xTaskIncrementTick  tasks.o
    0x080091dc   0x080091dc   0x00000094   Code   RO         3280    i.xTaskPriorityDisinherit  tasks.o
    0x08009270   0x08009270   0x00000088   Code   RO         3282    i.xTaskRemoveFromEventList  tasks.o
    0x080092f8   0x080092f8   0x000000f0   Code   RO         3283    i.xTaskResumeAll    tasks.o
    0x080093e8   0x080093e8   0x00000040   Code   RO         3575    i.xTimerCreateTimerTask  timers.o
    0x08009428   0x08009428   0x0000006c   Code   RO         3576    i.xTimerGenericCommand  timers.o
    0x08009494   0x08009494   0x00000302   Data   RO         1819    .constdata          mc01_judgesystem.o
    0x08009796   0x08009796   0x00000002   PAD
    0x08009798   0x08009798   0x00000010   Data   RO         2275    .constdata          tim.o
    0x080097a8   0x080097a8   0x0000001a   Data   RO         9090    .constdata          segger_sysview.o
    0x080097c2   0x080097c2   0x00000006   PAD
    0x080097c8   0x080097c8   0x00000030   Data   RO         9900    .constdata          m_wm.l(cos_i.o)
    0x080097f8   0x080097f8   0x000000c8   Data   RO         9918    .constdata          m_wm.l(rred.o)
    0x080098c0   0x080098c0   0x00000028   Data   RO         9922    .constdata          m_wm.l(sin_i.o)
    0x080098e8   0x080098e8   0x00000050   Data   RO         8759    .conststring        segger_sysview_freertos.o
    0x08009938   0x08009938   0x00000020   Data   RO         9992    Region$$Table       anon$$obj.o


    Execution Region RW_IRAM1 (Exec base: 0x20000000, Load base: 0x08009958, Size: 0x000147d8, Max: 0x00030000, ABSOLUTE, COMPRESSED[0x00000020])

    Exec Addr    Load Addr    Size         Type   Attr      Idx    E Section Name        Object

    0x20000000   COMPRESSED   0x00000008   Data   RW           19    .data               stm32f4xx_it.o
    0x20000008   COMPRESSED   0x00000004   Data   RW          498    .data               systeminit_tasks.o
    0x2000000c   COMPRESSED   0x00000004   Data   RW          557    .data               upperstructure_task.o
    0x20000010   COMPRESSED   0x00000020   Data   RW          591    .data               command_task.o
    0x20000030   COMPRESSED   0x00000004   Data   RW          643    .data               chassis_task.o
    0x20000034   COMPRESSED   0x00000004   Data   RW          673    .data               devicesmonitor_tasks.o
    0x20000038   COMPRESSED   0x0000001c   Data   RW          706    .data               canmsg_task.o
    0x20000054   COMPRESSED   0x00000004   Data   RW          748    .data               playroom_task.o
    0x20000058   COMPRESSED   0x00000010   Data   RW         1082    .data               bulletcatcher_control.o
    0x20000068   COMPRESSED   0x00000004   Data   RW         1343    .data               upperstructure.o
    0x2000006c   COMPRESSED   0x00000006   Data   RW         1557    .data               magazine_control.o
    0x20000072   COMPRESSED   0x00000008   Data   RW         1747    .data               dr16_receiver.o
    0x2000007a   COMPRESSED   0x00000004   Data   RW         1820    .data               mc01_judgesystem.o
    0x2000007e   COMPRESSED   0x00000008   Data   RW         1937    .data               gas_8.o
    0x20000086   COMPRESSED   0x00000002   PAD
    0x20000088   COMPRESSED   0x00000004   Data   RW         2617    .data               port.o
    0x2000008c   COMPRESSED   0x00000018   Data   RW         2718    .data               heap_4.o
    0x200000a4   COMPRESSED   0x0000003c   Data   RW         3286    .data               tasks.o
    0x200000e0   COMPRESSED   0x00000014   Data   RW         3582    .data               timers.o
    0x200000f4   COMPRESSED   0x00000010   Data   RW         6600    .data               stm32f4xx_rcc.o
    0x20000104   COMPRESSED   0x00000004   Data   RW         8760    .data               segger_sysview_freertos.o
    0x20000108   COMPRESSED   0x0000000d   Data   RW         9091    .data               segger_sysview.o
    0x20000115   COMPRESSED   0x00000003   PAD
    0x20000118   COMPRESSED   0x00000014   Data   RW         9521    .data               system_stm32f4xx.o
    0x2000012c   COMPRESSED   0x00000004   Data   RW         9950    .data               mc_w.l(mvars.o)
    0x20000130   COMPRESSED   0x00000004   Data   RW         9951    .data               mc_w.l(mvars.o)
    0x20000134   COMPRESSED   0x00000004   Data   RW         9955    .data               mc_w.l(errno.o)
    0x20000138        -       0x00000024   Zero   RW          590    .bss                command_task.o
    0x2000015c        -       0x00000138   Zero   RW         1081    .bss                bulletcatcher_control.o
    0x20000294        -       0x0000026c   Zero   RW         1214    .bss                chassis_control.o
    0x20000500        -       0x00000144   Zero   RW         1284    .bss                lifting_control.o
    0x20000644        -       0x0000021e   Zero   RW         1400    .bss                cloud_control.o
    0x20000862        -       0x00000058   Zero   RW         1746    .bss                dr16_receiver.o
    0x200008ba   COMPRESSED   0x00000002   PAD
    0x200008bc        -       0x00000184   Zero   RW         1818    .bss                mc01_judgesystem.o
    0x20000a40        -       0x00012c00   Zero   RW         2717    .bss                heap_4.o
    0x20013640        -       0x00000040   Zero   RW         2940    .bss                queue.o
    0x20013680        -       0x000000c8   Zero   RW         3285    .bss                tasks.o
    0x20013748        -       0x00000028   Zero   RW         3581    .bss                timers.o
    0x20013770        -       0x000000a0   Zero   RW         8757    .bss                segger_sysview_freertos.o
    0x20013810        -       0x000004b8   Zero   RW         8849    .bss                segger_rtt.o
    0x20013cc8        -       0x0000050b   Zero   RW         9089    .bss                segger_sysview.o
    0x200141d3   COMPRESSED   0x00000005   PAD
    0x200141d8        -       0x00000200   Zero   RW         9557    HEAP                startup_stm32f427_437xx.o
    0x200143d8        -       0x00000400   Zero   RW         9556    STACK               startup_stm32f427_437xx.o


==============================================================================

Image component sizes


      Code (inc. data)   RO Data    RW Data    ZI Data      Debug   Object Name

      4180        190          0         16        312      15499   bulletcatcher_control.o
       218         28          0          0          0       2214   buzzer.o
       580         30          0          0          0       2693   can.o
       544        142          0         28          0       3319   canmsg_task.o
      1788         74          0          0        620       7657   chassis_control.o
        68         10          0          4          0        916   chassis_task.o
        40         12          0          0        542       2750   cloud_control.o
      1996        162          0         32         36       4684   command_task.o
        72          8          0          0          0       1170   delay.o
       420         30          0          0          0        912   devicesmonitor.o
        64         10          0          4          0        886   devicesmonitor_tasks.o
       802         40          0          8         88       5380   dr16_receiver.o
       264         12          0          0          0       1949   dynamixelservo.o
       406          6          0          0          0      13499   event_groups.o
        26          0          0          0          0     319004   filter.o
       100         20          0          8          0       3052   gas_8.o
       500         12          0          0          0       1895   gy_imu.o
       116         12          0          0          0       1147   hall_io.o
       508         62          0         24      76800      13779   heap_4.o
       120         10          0          0          0        587   led.o
      1304         68          0          0        324       5025   lifting_control.o
       148          0          0          0          0       3570   list.o
       154          4          0          0          0       1577   m3508_motor.o
       116          6          0          0          0        952   m6623_motor.o
       280         22          0          6          0       2506   magazine_control.o
       152         34          0          0          0      26962   main.o
      1152         46        770          4        388      14629   mc01_judgesystem.o
       140         24          0          0          0       1855   misc.o
        40          0          0          0          0        706   nvic.o
       436          6          0          0          0       2523   pid.o
        28          0          0          4          0        878   playroom_task.o
       488         56          0          4          0      16804   port.o
      1602         18          0          0         64      15562   queue.o
        72          6          0          0          0       1452   ramp.o
        44          0          0          0          0       1054   robot_control.o
       440         46          0          0       1208       6771   segger_rtt.o
      2922        156         26         13       1291      28346   segger_sysview.o
       494         32         80          4        160       4206   segger_sysview_freertos.o
        36          8        428          0       1536        972   startup_stm32f427_437xx.o
      1566         16          0          0          0       7322   stm32f4xx_can.o
       486         26          0          0          0       5535   stm32f4xx_dma.o
       250          0          0          0          0       4185   stm32f4xx_gpio.o
       656        100          0          8          0     329709   stm32f4xx_it.o
       328         36          0         16          0       5231   stm32f4xx_rcc.o
       340         38          0          0          0       7693   stm32f4xx_tim.o
       446          8          0          0          0       6324   stm32f4xx_usart.o
       392         32          0         20          0       2025   system_stm32f4xx.o
       344        132          0          4          0       1002   systeminit_tasks.o
      3220        474          0         60        200      35036   tasks.o
       172         12         16          0          0       3740   tim.o
       982        118          0         20         40      14207   timers.o
       224         28          0          4          0       3671   upperstructure.o
        44          6          0          4          0        926   upperstructure_task.o
       802         44          0          0          0       4666   usart.o

    ----------------------------------------------------------------------
     33160       2472       1360        300      83616     970614   Object Totals
         0          0         32          0          0          0   (incl. Generated)
        48          0          8          5          7          0   (incl. Padding)

    ----------------------------------------------------------------------

      Code (inc. data)   RO Data    RW Data    ZI Data      Debug   Library Member Name

       200         20          0          0          0        164   cos.o
       368         46         48          0          0        200   cos_i.o
        84         16          0          0          0        372   dunder.o
        24          0          0          0          0        124   fabs.o
        48          0          0          0          0        124   fpclassify.o
       248          0          0          0          0        152   poly.o
      1080        142        200          0          0        188   rred.o
       200         20          0          0          0        164   sin.o
       304         24         40          0          0        208   sin_i.o
        86          0          0          0          0          0   __dczerorl2.o
         0          0          0          0          0          0   entry.o
         0          0          0          0          0          0   entry10a.o
         0          0          0          0          0          0   entry11a.o
         8          4          0          0          0          0   entry2.o
         4          0          0          0          0          0   entry5.o
         0          0          0          0          0          0   entry7b.o
         0          0          0          0          0          0   entry8b.o
         8          4          0          0          0          0   entry9a.o
        12          6          0          4          0         68   errno.o
        30          0          0          0          0          0   handlers.o
        36          8          0          0          0         68   init.o
         0          0          0          0          0          0   iusefp.o
        30          0          0          0          0         68   llshl.o
        36          0          0          0          0         68   llsshr.o
        32          0          0          0          0         68   llushr.o
       188         20          0          0          0        160   malloc.o
        26          0          0          0          0         80   memcmp.o
        36          0          0          0          0         68   memcpya.o
        36          0          0          0          0        108   memseta.o
         0          0          0          8          0          0   mvars.o
        18          0          0          0          0         68   strcpy.o
        56          0          0          0          0         88   d2f.o
       334          0          0          0          0        148   dadd.o
       222          0          0          0          0        100   ddiv.o
       186          0          0          0          0        176   depilogue.o
        62          0          0          0          0         80   dfixi.o
        34          0          0          0          0         76   dflti.o
        26          0          0          0          0         76   dfltui.o
       228          0          0          0          0         96   dmul.o
        38          0          0          0          0         68   f2d.o
       110          0          0          0          0        168   fepilogue.o

    ----------------------------------------------------------------------
      4448        310        288         12          0       3596   Library Totals
        10          0          0          0          0          0   (incl. Padding)

    ----------------------------------------------------------------------

      Code (inc. data)   RO Data    RW Data    ZI Data      Debug   Library Name

      2556        268        288          0          0       1696   m_wm.l
       586         42          0         12          0        824   mc_w.l
      1296          0          0          0          0       1076   mf_w.l

    ----------------------------------------------------------------------
      4448        310        288         12          0       3596   Library Totals

    ----------------------------------------------------------------------

==============================================================================


      Code (inc. data)   RO Data    RW Data    ZI Data      Debug   

     37608       2782       1648        312      83616     946258   Grand Totals
     37608       2782       1648         32      83616     946258   ELF Image Totals (compressed)
     37608       2782       1648         32          0          0   ROM Totals

==============================================================================

    Total RO  Size (Code + RO Data)                39256 (  38.34kB)
    Total RW  Size (RW Data + ZI Data)             83928 (  81.96kB)
    Total ROM Size (Code + RO Data + RW Data)      39288 (  38.37kB)

==============================================================================

